Archive member included to satisfy reference by file (symbol)

c:/st/stm32cubeide_1.9.0/stm32cubeide/plugins/com.st.stm32cube.ide.mcu.externaltools.gnu-tools-for-stm32.10.3-2021.10.win32_1.0.0.202111181127/tools/bin/../lib/gcc/arm-none-eabi/10.3.1/../../../../arm-none-eabi/lib/thumb/v7e-m+fp/hard\libc_nano.a(lib_a-errno.o)
                              ./Core/Src/retarget.o (__errno)
c:/st/stm32cubeide_1.9.0/stm32cubeide/plugins/com.st.stm32cube.ide.mcu.externaltools.gnu-tools-for-stm32.10.3-2021.10.win32_1.0.0.202111181127/tools/bin/../lib/gcc/arm-none-eabi/10.3.1/../../../../arm-none-eabi/lib/thumb/v7e-m+fp/hard\libc_nano.a(lib_a-exit.o)
                              c:/st/stm32cubeide_1.9.0/stm32cubeide/plugins/com.st.stm32cube.ide.mcu.externaltools.gnu-tools-for-stm32.10.3-2021.10.win32_1.0.0.202111181127/tools/bin/../lib/gcc/arm-none-eabi/10.3.1/../../../../arm-none-eabi/lib/thumb/v7e-m+fp/hard/crt0.o (exit)
c:/st/stm32cubeide_1.9.0/stm32cubeide/plugins/com.st.stm32cube.ide.mcu.externaltools.gnu-tools-for-stm32.10.3-2021.10.win32_1.0.0.202111181127/tools/bin/../lib/gcc/arm-none-eabi/10.3.1/../../../../arm-none-eabi/lib/thumb/v7e-m+fp/hard\libc_nano.a(lib_a-impure.o)
                              c:/st/stm32cubeide_1.9.0/stm32cubeide/plugins/com.st.stm32cube.ide.mcu.externaltools.gnu-tools-for-stm32.10.3-2021.10.win32_1.0.0.202111181127/tools/bin/../lib/gcc/arm-none-eabi/10.3.1/../../../../arm-none-eabi/lib/thumb/v7e-m+fp/hard\libc_nano.a(lib_a-exit.o) (_global_impure_ptr)
c:/st/stm32cubeide_1.9.0/stm32cubeide/plugins/com.st.stm32cube.ide.mcu.externaltools.gnu-tools-for-stm32.10.3-2021.10.win32_1.0.0.202111181127/tools/bin/../lib/gcc/arm-none-eabi/10.3.1/../../../../arm-none-eabi/lib/thumb/v7e-m+fp/hard\libc_nano.a(lib_a-init.o)
                              c:/st/stm32cubeide_1.9.0/stm32cubeide/plugins/com.st.stm32cube.ide.mcu.externaltools.gnu-tools-for-stm32.10.3-2021.10.win32_1.0.0.202111181127/tools/bin/../lib/gcc/arm-none-eabi/10.3.1/../../../../arm-none-eabi/lib/thumb/v7e-m+fp/hard/crt0.o (__libc_init_array)
c:/st/stm32cubeide_1.9.0/stm32cubeide/plugins/com.st.stm32cube.ide.mcu.externaltools.gnu-tools-for-stm32.10.3-2021.10.win32_1.0.0.202111181127/tools/bin/../lib/gcc/arm-none-eabi/10.3.1/../../../../arm-none-eabi/lib/thumb/v7e-m+fp/hard\libc_nano.a(lib_a-memcpy-stub.o)
                              ./Core/Src/main.o (memcpy)
c:/st/stm32cubeide_1.9.0/stm32cubeide/plugins/com.st.stm32cube.ide.mcu.externaltools.gnu-tools-for-stm32.10.3-2021.10.win32_1.0.0.202111181127/tools/bin/../lib/gcc/arm-none-eabi/10.3.1/../../../../arm-none-eabi/lib/thumb/v7e-m+fp/hard\libc_nano.a(lib_a-memset.o)
                              c:/st/stm32cubeide_1.9.0/stm32cubeide/plugins/com.st.stm32cube.ide.mcu.externaltools.gnu-tools-for-stm32.10.3-2021.10.win32_1.0.0.202111181127/tools/bin/../lib/gcc/arm-none-eabi/10.3.1/../../../../arm-none-eabi/lib/thumb/v7e-m+fp/hard/crt0.o (memset)
c:/st/stm32cubeide_1.9.0/stm32cubeide/plugins/com.st.stm32cube.ide.mcu.externaltools.gnu-tools-for-stm32.10.3-2021.10.win32_1.0.0.202111181127/tools/bin/../lib/gcc/arm-none-eabi/10.3.1/../../../../arm-none-eabi/lib/thumb/v7e-m+fp/hard\libc_nano.a(lib_a-puts.o)
                              ./Core/Src/main.o (puts)
c:/st/stm32cubeide_1.9.0/stm32cubeide/plugins/com.st.stm32cube.ide.mcu.externaltools.gnu-tools-for-stm32.10.3-2021.10.win32_1.0.0.202111181127/tools/bin/../lib/gcc/arm-none-eabi/10.3.1/../../../../arm-none-eabi/lib/thumb/v7e-m+fp/hard\libc_nano.a(lib_a-setvbuf.o)
                              ./Core/Src/retarget.o (setvbuf)
c:/st/stm32cubeide_1.9.0/stm32cubeide/plugins/com.st.stm32cube.ide.mcu.externaltools.gnu-tools-for-stm32.10.3-2021.10.win32_1.0.0.202111181127/tools/bin/../lib/gcc/arm-none-eabi/10.3.1/../../../../arm-none-eabi/lib/thumb/v7e-m+fp/hard\libc_nano.a(lib_a-wbuf.o)
                              c:/st/stm32cubeide_1.9.0/stm32cubeide/plugins/com.st.stm32cube.ide.mcu.externaltools.gnu-tools-for-stm32.10.3-2021.10.win32_1.0.0.202111181127/tools/bin/../lib/gcc/arm-none-eabi/10.3.1/../../../../arm-none-eabi/lib/thumb/v7e-m+fp/hard\libc_nano.a(lib_a-puts.o) (__swbuf_r)
c:/st/stm32cubeide_1.9.0/stm32cubeide/plugins/com.st.stm32cube.ide.mcu.externaltools.gnu-tools-for-stm32.10.3-2021.10.win32_1.0.0.202111181127/tools/bin/../lib/gcc/arm-none-eabi/10.3.1/../../../../arm-none-eabi/lib/thumb/v7e-m+fp/hard\libc_nano.a(lib_a-wsetup.o)
                              c:/st/stm32cubeide_1.9.0/stm32cubeide/plugins/com.st.stm32cube.ide.mcu.externaltools.gnu-tools-for-stm32.10.3-2021.10.win32_1.0.0.202111181127/tools/bin/../lib/gcc/arm-none-eabi/10.3.1/../../../../arm-none-eabi/lib/thumb/v7e-m+fp/hard\libc_nano.a(lib_a-puts.o) (__swsetup_r)
c:/st/stm32cubeide_1.9.0/stm32cubeide/plugins/com.st.stm32cube.ide.mcu.externaltools.gnu-tools-for-stm32.10.3-2021.10.win32_1.0.0.202111181127/tools/bin/../lib/gcc/arm-none-eabi/10.3.1/../../../../arm-none-eabi/lib/thumb/v7e-m+fp/hard\libc_nano.a(lib_a-fflush.o)
[...]
Memory Configuration

Name             Origin             Length             Attributes
CCMRAM           0x0000000010000000 0x0000000000010000 xrw
RAM              0x0000000020000000 0x0000000000020000 xrw
FLASH            0x0000000008000000 0x0000000000100000 xr
*default*        0x0000000000000000 0xffffffffffffffff

Linker script and memory map

LOAD c:/st/stm32cubeide_1.9.0/stm32cubeide/plugins/com.st.stm32cube.ide.mcu.externaltools.gnu-tools-for-stm32.10.3-2021.10.win32_1.0.0.202111181127/tools/bin/../lib/gcc/arm-none-eabi/10.3.1/thumb/v7e-m+fp/hard/crti.o
LOAD c:/st/stm32cubeide_1.9.0/stm32cubeide/plugins/com.st.stm32cube.ide.mcu.externaltools.gnu-tools-for-stm32.10.3-2021.10.win32_1.0.0.202111181127/tools/bin/../lib/gcc/arm-none-eabi/10.3.1/thumb/v7e-m+fp/hard/crtbegin.o
LOAD c:/st/stm32cubeide_1.9.0/stm32cubeide/plugins/com.st.stm32cube.ide.mcu.externaltools.gnu-tools-for-stm32.10.3-2021.10.win32_1.0.0.202111181127/tools/bin/../lib/gcc/arm-none-eabi/10.3.1/../../../../arm-none-eabi/lib/thumb/v7e-m+fp/hard/crt0.o
LOAD ./Core/Src/LoRa.o
LOAD ./Core/Src/main.o
LOAD ./Core/Src/retarget.o
LOAD ./Core/Src/stm32f4xx_hal_msp.o
LOAD ./Core/Src/stm32f4xx_it.o
LOAD ./Core/Src/sysmem.o
LOAD ./Core/Src/system_stm32f4xx.o
LOAD ./Core/Startup/startup_stm32f405rgtx.o
LOAD ./Drivers/STM32F4xx_HAL_Driver/Src/stm32f4xx_hal.o
LOAD ./Drivers/STM32F4xx_HAL_Driver/Src/stm32f4xx_hal_cortex.o
LOAD ./Drivers/STM32F4xx_HAL_Driver/Src/stm32f4xx_hal_dma.o
LOAD ./Drivers/STM32F4xx_HAL_Driver/Src/stm32f4xx_hal_dma_ex.o
LOAD ./Drivers/STM32F4xx_HAL_Driver/Src/stm32f4xx_hal_exti.o
LOAD ./Drivers/STM32F4xx_HAL_Driver/Src/stm32f4xx_hal_flash.o
LOAD ./Drivers/STM32F4xx_HAL_Driver/Src/stm32f4xx_hal_flash_ex.o
LOAD ./Drivers/STM32F4xx_HAL_Driver/Src/stm32f4xx_hal_flash_ramfunc.o
LOAD ./Drivers/STM32F4xx_HAL_Driver/Src/stm32f4xx_hal_gpio.o
LOAD ./Drivers/STM32F4xx_HAL_Driver/Src/stm32f4xx_hal_pcd.o
LOAD ./Drivers/STM32F4xx_HAL_Driver/Src/stm32f4xx_hal_pcd_ex.o
LOAD ./Drivers/STM32F4xx_HAL_Driver/Src/stm32f4xx_hal_pwr.o
LOAD ./Drivers/STM32F4xx_HAL_Driver/Src/stm32f4xx_hal_pwr_ex.o
LOAD ./Drivers/STM32F4xx_HAL_Driver/Src/stm32f4xx_hal_rcc.o
LOAD ./Drivers/STM32F4xx_HAL_Driver/Src/stm32f4xx_hal_rcc_ex.o
LOAD ./Drivers/STM32F4xx_HAL_Driver/Src/stm32f4xx_hal_spi.o
LOAD ./Drivers/STM32F4xx_HAL_Driver/Src/stm32f4xx_hal_tim.o
LOAD ./Drivers/STM32F4xx_HAL_Driver/Src/stm32f4xx_hal_tim_ex.o
LOAD ./Drivers/STM32F4xx_HAL_Driver/Src/stm32f4xx_hal_uart.o
LOAD ./Drivers/STM32F4xx_HAL_Driver/Src/stm32f4xx_ll_usb.o
LOAD ./Middlewares/ST/STM32_USB_Device_Library/Class/CDC/Src/usbd_cdc.o
LOAD ./Middlewares/ST/STM32_USB_Device_Library/Core/Src/usbd_core.o
LOAD ./Middlewares/ST/STM32_USB_Device_Library/Core/Src/usbd_ctlreq.o
LOAD ./Middlewares/ST/STM32_USB_Device_Library/Core/Src/usbd_ioreq.o
LOAD ./USB_DEVICE/App/usb_device.o
LOAD ./USB_DEVICE/App/usbd_cdc_if.o
LOAD ./USB_DEVICE/App/usbd_desc.o
LOAD ./USB_DEVICE/Target/usbd_conf.o
START GROUP
LOAD c:/st/stm32cubeide_1.9.0/stm32cubeide/plugins/com.st.stm32cube.ide.mcu.externaltools.gnu-tools-for-stm32.10.3-2021.10.win32_1.0.0.202111181127/tools/bin/../lib/gcc/arm-none-eabi/10.3.1/../../../../arm-none-eabi/lib/thumb/v7e-m+fp/hard\libc_nano.a
LOAD c:/st/stm32cubeide_1.9.0/stm32cubeide/plugins/com.st.stm32cube.ide.mcu.externaltools.gnu-tools-for-stm32.10.3-2021.10.win32_1.0.0.202111181127/tools/bin/../lib/gcc/arm-none-eabi/10.3.1/../../../../arm-none-eabi/lib/thumb/v7e-m+fp/hard\libm.a
END GROUP
START GROUP
LOAD c:/st/stm32cubeide_1.9.0/stm32cubeide/plugins/com.st.stm32cube.ide.mcu.externaltools.gnu-tools-for-stm32.10.3-2021.10.win32_1.0.0.202111181127/tools/bin/../lib/gcc/arm-none-eabi/10.3.1/thumb/v7e-m+fp/hard\libgcc.a
LOAD c:/st/stm32cubeide_1.9.0/stm32cubeide/plugins/com.st.stm32cube.ide.mcu.externaltools.gnu-tools-for-stm32.10.3-2021.10.win32_1.0.0.202111181127/tools/bin/../lib/gcc/arm-none-eabi/10.3.1/../../../../arm-none-eabi/lib/thumb/v7e-m+fp/hard\libc_nano.a
END GROUP
START GROUP
LOAD c:/st/stm32cubeide_1.9.0/stm32cubeide/plugins/com.st.stm32cube.ide.mcu.externaltools.gnu-tools-for-stm32.10.3-2021.10.win32_1.0.0.202111181127/tools/bin/../lib/gcc/arm-none-eabi/10.3.1/thumb/v7e-m+fp/hard\libgcc.a
LOAD c:/st/stm32cubeide_1.9.0/stm32cubeide/plugins/com.st.stm32cube.ide.mcu.externaltools.gnu-tools-for-stm32.10.3-2021.10.win32_1.0.0.202111181127/tools/bin/../lib/gcc/arm-none-eabi/10.3.1/../../../../arm-none-eabi/lib/thumb/v7e-m+fp/hard\libc_nano.a
LOAD c:/st/stm32cubeide_1.9.0/stm32cubeide/plugins/com.st.stm32cube.ide.mcu.externaltools.gnu-tools-for-stm32.10.3-2021.10.win32_1.0.0.202111181127/tools/bin/../lib/gcc/arm-none-eabi/10.3.1/../../../../arm-none-eabi/lib/thumb/v7e-m+fp/hard\libnosys.a
END GROUP
START GROUP
LOAD c:/st/stm32cubeide_1.9.0/stm32cubeide/plugins/com.st.stm32cube.ide.mcu.externaltools.gnu-tools-for-stm32.10.3-2021.10.win32_1.0.0.202111181127/tools/bin/../lib/gcc/arm-none-eabi/10.3.1/thumb/v7e-m+fp/hard\libgcc.a
LOAD c:/st/stm32cubeide_1.9.0/stm32cubeide/plugins/com.st.stm32cube.ide.mcu.externaltools.gnu-tools-for-stm32.10.3-2021.10.win32_1.0.0.202111181127/tools/bin/../lib/gcc/arm-none-eabi/10.3.1/../../../../arm-none-eabi/lib/thumb/v7e-m+fp/hard\libc_nano.a
LOAD c:/st/stm32cubeide_1.9.0/stm32cubeide/plugins/com.st.stm32cube.ide.mcu.externaltools.gnu-tools-for-stm32.10.3-2021.10.win32_1.0.0.202111181127/tools/bin/../lib/gcc/arm-none-eabi/10.3.1/../../../../arm-none-eabi/lib/thumb/v7e-m+fp/hard\libnosys.a
END GROUP
LOAD c:/st/stm32cubeide_1.9.0/stm32cubeide/plugins/com.st.stm32cube.ide.mcu.externaltools.gnu-tools-for-stm32.10.3-2021.10.win32_1.0.0.202111181127/tools/bin/../lib/gcc/arm-none-eabi/10.3.1/thumb/v7e-m+fp/hard/crtend.o
LOAD c:/st/stm32cubeide_1.9.0/stm32cubeide/plugins/com.st.stm32cube.ide.mcu.externaltools.gnu-tools-for-stm32.10.3-2021.10.win32_1.0.0.202111181127/tools/bin/../lib/gcc/arm-none-eabi/10.3.1/thumb/v7e-m+fp/hard/crtn.o
                0x0000000020020000                _estack = (ORIGIN (RAM) + LENGTH (RAM))
                0x0000000000000200                _Min_Heap_Size = 0x200
                0x0000000000000400                _Min_Stack_Size = 0x400

.isr_vector     0x0000000008000000      0x188
                0x0000000008000000                . = ALIGN (0x4)
 *(.isr_vector)
 .isr_vector    0x0000000008000000      0x188 ./Core/Startup/startup_stm32f405rgtx.o
                0x0000000008000000                g_pfnVectors
                0x0000000008000188                . = ALIGN (0x4)

.text           0x0000000008000188     0xc7f8
                0x0000000008000188                . = ALIGN (0x4)
 *(.text)
 .text          0x0000000008000188       0x40 c:/st/stm32cubeide_1.9.0/stm32cubeide/plugins/com.st.stm32cube.ide.mcu.externaltools.gnu-tools-for-stm32.10.3-2021.10.win32_1.0.0.202111181127/tools/bin/../lib/gcc/arm-none-eabi/10.3.1/thumb/v7e-m+fp/hard/crtbegin.o
 .text          0x00000000080001c8      0x378 c:/st/stm32cubeide_1.9.0/stm32cubeide/plugins/com.st.stm32cube.ide.mcu.externaltools.gnu-tools-for-stm32.10.3-2021.10.win32_1.0.0.202111181127/tools/bin/../lib/gcc/arm-none-eabi/10.3.1/thumb/v7e-m+fp/hard\libgcc.a(_arm_addsubdf3.o)
                0x00000000080001c8                __aeabi_drsub
                0x00000000080001d0                __aeabi_dsub
                0x00000000080001d0                __subdf3
                0x00000000080001d4                __aeabi_dadd
                0x00000000080001d4                __adddf3
                0x000000000800044c                __floatunsidf
                0x000000000800044c                __aeabi_ui2d
                0x000000000800046c                __floatsidf
                0x000000000800046c                __aeabi_i2d
                0x0000000008000490                __aeabi_f2d
                0x0000000008000490                __extendsfdf2
                0x00000000080004d4                __floatundidf
                0x00000000080004d4                __aeabi_ul2d
                0x00000000080004e4                __floatdidf
                0x00000000080004e4                __aeabi_l2d
 .text          0x0000000008000540      0x424 c:/st/stm32cubeide_1.9.0/stm32cubeide/plugins/com.st.stm32cube.ide.mcu.externaltools.gnu-tools-for-stm32.10.3-2021.10.win32_1.0.0.202111181127/tools/bin/../lib/gcc/arm-none-eabi/10.3.1/thumb/v7e-m+fp/hard\libgcc.a(_arm_muldivdf3.o)
                0x0000000008000540                __aeabi_dmul
                0x0000000008000540                __muldf3
                0x0000000008000794                __divdf3
                0x0000000008000794                __aeabi_ddiv
 .text          0x0000000008000964       0x40 c:/st/stm32cubeide_1.9.0/stm32cubeide/plugins/com.st.stm32cube.ide.mcu.externaltools.gnu-tools-for-stm32.10.3-2021.10.win32_1.0.0.202111181127/tools/bin/../lib/gcc/arm-none-eabi/10.3.1/thumb/v7e-m+fp/hard\libgcc.a(_arm_fixunsdfsi.o)
                0x0000000008000964                __aeabi_d2uiz
                0x0000000008000964                __fixunsdfsi
 .text          0x00000000080009a4       0x30 c:/st/stm32cubeide_1.9.0/stm32cubeide/plugins/com.st.stm32cube.ide.mcu.externaltools.gnu-tools-for-stm32.10.3-2021.10.win32_1.0.0.202111181127/tools/bin/../lib/gcc/arm-none-eabi/10.3.1/thumb/v7e-m+fp/hard\libgcc.a(_aeabi_uldivmod.o)
                0x00000000080009a4                __aeabi_uldivmod
 .text          0x00000000080009d4      0x2d0 c:/st/stm32cubeide_1.9.0/stm32cubeide/plugins/com.st.stm32cube.ide.mcu.externaltools.gnu-tools-for-stm32.10.3-2021.10.win32_1.0.0.202111181127/tools/bin/../lib/gcc/arm-none-eabi/10.3.1/thumb/v7e-m+fp/hard\libgcc.a(_udivmoddi4.o)
                0x00000000080009d4                __udivmoddi4
 .text          0x0000000008000ca4        0x4 c:/st/stm32cubeide_1.9.0/stm32cubeide/plugins/com.st.stm32cube.ide.mcu.externaltools.gnu-tools-for-stm32.10.3-2021.10.win32_1.0.0.202111181127/tools/bin/../lib/gcc/arm-none-eabi/10.3.1/thumb/v7e-m+fp/hard\libgcc.a(_dvmd_tls.o)
                0x0000000008000ca4                __aeabi_idiv0
                0x0000000008000ca4                __aeabi_ldiv0
 *(.text*)
 .text.newLoRa  0x0000000008000ca8       0x52 ./Core/Src/LoRa.o
                0x0000000008000ca8                newLoRa
 .text.LoRa_reset
                0x0000000008000cfa       0x3c ./Core/Src/LoRa.o
                0x0000000008000cfa                LoRa_reset
 .text.LoRa_gotoMode
                0x0000000008000d36      0x108 ./Core/Src/LoRa.o
                0x0000000008000d36                LoRa_gotoMode
 .text.LoRa_setModulation
                0x0000000008000e3e       0xc2 ./Core/Src/LoRa.o
                0x0000000008000e3e                LoRa_setModulation
 .text.LoRa_readReg
                0x0000000008000f00       0x7c ./Core/Src/LoRa.o
                0x0000000008000f00                LoRa_readReg
 .text.LoRa_writeReg
                0x0000000008000f7c       0x7c ./Core/Src/LoRa.o
                0x0000000008000f7c                LoRa_writeReg
 .text.LoRa_setFrequency
                0x0000000008000ff8       0x60 ./Core/Src/LoRa.o
                0x0000000008000ff8                LoRa_setFrequency
 .text.LoRa_setSpreadingFactor
                0x0000000008001058       0x5e ./Core/Src/LoRa.o
                0x0000000008001058                LoRa_setSpreadingFactor
 .text.LoRa_setPower
                0x00000000080010b6       0x26 ./Core/Src/LoRa.o
                0x00000000080010b6                LoRa_setPower
 .text.LoRa_setOCP
                0x00000000080010dc       0x7c ./Core/Src/LoRa.o
                0x00000000080010dc                LoRa_setOCP
 .text.LoRa_setCRCon
                0x0000000008001158       0x5c ./Core/Src/LoRa.o
                0x0000000008001158                LoRa_setCRCon
 .text.LoRa_setTOMsb_setCRCon
                0x00000000080011b4       0x48 ./Core/Src/LoRa.o
                0x00000000080011b4                LoRa_setTOMsb_setCRCon
 .text.LoRa_read
                0x00000000080011fc       0x34 ./Core/Src/LoRa.o
                0x00000000080011fc                LoRa_read
 .text.LoRa_write
                0x0000000008001230       0x3a ./Core/Src/LoRa.o
                0x0000000008001230                LoRa_write
 .text.LoRa_BurstWrite
                0x000000000800126a       0x8e ./Core/Src/LoRa.o
                0x000000000800126a                LoRa_BurstWrite
 .text.LoRa_isvalid
                0x00000000080012f8       0x16 ./Core/Src/LoRa.o
                0x00000000080012f8                LoRa_isvalid
 *fill*         0x000000000800130e        0x2 
 .text.LoRa_setBitrate
                0x0000000008001310       0x6c ./Core/Src/LoRa.o
                0x0000000008001310                LoRa_setBitrate
 .text.LoRa_transmit
                0x000000000800137c       0xb0 ./Core/Src/LoRa.o
                0x000000000800137c                LoRa_transmit
 .text.LoRa_startReceiving
                0x000000000800142c       0x18 ./Core/Src/LoRa.o
                0x000000000800142c                LoRa_startReceiving
 .text.LoRa_setFSKMode
                0x0000000008001444       0x42 ./Core/Src/LoRa.o
                0x0000000008001444                LoRa_setFSKMode
 .text.LoRa_setPayloadLength
                0x0000000008001486       0x6a ./Core/Src/LoRa.o
                0x0000000008001486                LoRa_setPayloadLength
 .text.LoRa_receive
                0x00000000080014f0       0xc0 ./Core/Src/LoRa.o
                0x00000000080014f0                LoRa_receive
 .text.LoRa_init
                0x00000000080015b0      0x1e2 ./Core/Src/LoRa.o
                0x00000000080015b0                LoRa_init
 .text.LoRa_received_bytes
                0x0000000008001792       0x1a ./Core/Src/LoRa.o
                0x0000000008001792                LoRa_received_bytes
 .text.main     0x00000000080017ac      0x210 ./Core/Src/main.o
                0x00000000080017ac                main
 .text.SystemClock_Config
                0x00000000080019bc       0xd4 ./Core/Src/main.o
                0x00000000080019bc                SystemClock_Config
 .text.MX_SPI1_Init
                0x0000000008001a90       0x6c ./Core/Src/main.o
 .text.MX_TIM2_Init
                0x0000000008001afc       0x9c ./Core/Src/main.o
 .text.MX_USART1_UART_Init
                0x0000000008001b98       0x54 ./Core/Src/main.o
 .text.MX_USART2_UART_Init
                0x0000000008001bec       0x54 ./Core/Src/main.o
 .text.MX_DMA_Init
                0x0000000008001c40       0x40 ./Core/Src/main.o
 .text.MX_GPIO_Init
                0x0000000008001c80      0x184 ./Core/Src/main.o
 .text.HAL_GPIO_EXTI_Callback
                0x0000000008001e04       0x34 ./Core/Src/main.o
                0x0000000008001e04                HAL_GPIO_EXTI_Callback
 .text.HAL_UART_RxCpltCallback
                0x0000000008001e38       0x50 ./Core/Src/main.o
                0x0000000008001e38                HAL_UART_RxCpltCallback
 .text.HAL_UART_RxHalfCpltCallback
                0x0000000008001e88       0x34 ./Core/Src/main.o
                0x0000000008001e88                HAL_UART_RxHalfCpltCallback
 .text.HAL_TIM_PeriodElapsedCallback
                0x0000000008001ebc       0x2c ./Core/Src/main.o
                0x0000000008001ebc                HAL_TIM_PeriodElapsedCallback
 .text.Blocking_LED_Blink
                0x0000000008001ee8       0x44 ./Core/Src/main.o
                0x0000000008001ee8                Blocking_LED_Blink
 .text.Error_Handler
                0x0000000008001f2c        0xa ./Core/Src/main.o
                0x0000000008001f2c                Error_Handler
 *fill*         0x0000000008001f36        0x2 
 .text.RetargetInit
                0x0000000008001f38       0x30 ./Core/Src/retarget.o
                0x0000000008001f38                RetargetInit
 .text._isatty  0x0000000008001f68       0x2c ./Core/Src/retarget.o
                0x0000000008001f68                _isatty
 .text._write   0x0000000008001f94       0x58 ./Core/Src/retarget.o
                0x0000000008001f94                _write
 .text._close   0x0000000008001fec       0x2e ./Core/Src/retarget.o
                0x0000000008001fec                _close
 .text._lseek   0x000000000800201a       0x22 ./Core/Src/retarget.o
                0x000000000800201a                _lseek
 .text._read    0x000000000800203c       0x50 ./Core/Src/retarget.o
                0x000000000800203c                _read
 .text._fstat   0x000000000800208c       0x36 ./Core/Src/retarget.o
                0x000000000800208c                _fstat
 *fill*         0x00000000080020c2        0x2 
 .text.HAL_MspInit
                0x00000000080020c4       0x50 ./Core/Src/stm32f4xx_hal_msp.o
                0x00000000080020c4                HAL_MspInit
 .text.HAL_SPI_MspInit
                0x0000000008002114       0x90 ./Core/Src/stm32f4xx_hal_msp.o
                0x0000000008002114                HAL_SPI_MspInit
 .text.HAL_TIM_Base_MspInit
                0x00000000080021a4       0x4c ./Core/Src/stm32f4xx_hal_msp.o
                0x00000000080021a4                HAL_TIM_Base_MspInit
 .text.HAL_UART_MspInit
                0x00000000080021f0      0x180 ./Core/Src/stm32f4xx_hal_msp.o
                0x00000000080021f0                HAL_UART_MspInit
 .text.NMI_Handler
                0x0000000008002370        0x6 ./Core/Src/stm32f4xx_it.o
                0x0000000008002370                NMI_Handler
 .text.HardFault_Handler
                0x0000000008002376        0x6 ./Core/Src/stm32f4xx_it.o
                0x0000000008002376                HardFault_Handler
 .text.MemManage_Handler
                0x000000000800237c        0x6 ./Core/Src/stm32f4xx_it.o
                0x000000000800237c                MemManage_Handler
 .text.BusFault_Handler
                0x0000000008002382        0x6 ./Core/Src/stm32f4xx_it.o
                0x0000000008002382                BusFault_Handler
 .text.UsageFault_Handler
                0x0000000008002388        0x6 ./Core/Src/stm32f4xx_it.o
                0x0000000008002388                UsageFault_Handler
 .text.SVC_Handler
                0x000000000800238e        0xe ./Core/Src/stm32f4xx_it.o
                0x000000000800238e                SVC_Handler
 .text.DebugMon_Handler
                0x000000000800239c        0xe ./Core/Src/stm32f4xx_it.o
                0x000000000800239c                DebugMon_Handler
 .text.PendSV_Handler
                0x00000000080023aa        0xe ./Core/Src/stm32f4xx_it.o
                0x00000000080023aa                PendSV_Handler
 .text.SysTick_Handler
                0x00000000080023b8        0xc ./Core/Src/stm32f4xx_it.o
                0x00000000080023b8                SysTick_Handler
 .text.EXTI1_IRQHandler
                0x00000000080023c4        0xe ./Core/Src/stm32f4xx_it.o
                0x00000000080023c4                EXTI1_IRQHandler
 *fill*         0x00000000080023d2        0x2 
 .text.TIM2_IRQHandler
                0x00000000080023d4       0x14 ./Core/Src/stm32f4xx_it.o
                0x00000000080023d4                TIM2_IRQHandler
 .text.USART2_IRQHandler
                0x00000000080023e8       0x14 ./Core/Src/stm32f4xx_it.o
                0x00000000080023e8                USART2_IRQHandler
 .text.EXTI15_10_IRQHandler
                0x00000000080023fc       0x28 ./Core/Src/stm32f4xx_it.o
                0x00000000080023fc                EXTI15_10_IRQHandler
 .text.DMA2_Stream2_IRQHandler
                0x0000000008002424       0x14 ./Core/Src/stm32f4xx_it.o
                0x0000000008002424                DMA2_Stream2_IRQHandler
 .text.OTG_HS_IRQHandler
                0x0000000008002438       0x14 ./Core/Src/stm32f4xx_it.o
                0x0000000008002438                OTG_HS_IRQHandler
 .text._sbrk    0x000000000800244c       0x6c ./Core/Src/sysmem.o
                0x000000000800244c                _sbrk
 .text.SystemInit
                0x00000000080024b8       0x24 ./Core/Src/system_stm32f4xx.o
                0x00000000080024b8                SystemInit
 .text.Reset_Handler
                0x00000000080024dc       0x50 ./Core/Startup/startup_stm32f405rgtx.o
                0x00000000080024dc                Reset_Handler
 .text.Default_Handler
                0x000000000800252c        0x2 ./Core/Startup/startup_stm32f405rgtx.o
                0x000000000800252c                RTC_Alarm_IRQHandler
                0x000000000800252c                HASH_RNG_IRQHandler
                0x000000000800252c                EXTI2_IRQHandler
                0x000000000800252c                TIM8_CC_IRQHandler
                0x000000000800252c                TIM1_CC_IRQHandler
                0x000000000800252c                DMA2_Stream5_IRQHandler
                0x000000000800252c                DMA1_Stream5_IRQHandler
                0x000000000800252c                PVD_IRQHandler
                0x000000000800252c                SDIO_IRQHandler
                0x000000000800252c                TAMP_STAMP_IRQHandler
                0x000000000800252c                CAN2_RX1_IRQHandler
                0x000000000800252c                EXTI3_IRQHandler
                0x000000000800252c                TIM8_TRG_COM_TIM14_IRQHandler
                0x000000000800252c                TIM1_UP_TIM10_IRQHandler
                0x000000000800252c                TIM8_UP_TIM13_IRQHandler
                0x000000000800252c                I2C3_ER_IRQHandler
                0x000000000800252c                EXTI0_IRQHandler
                0x000000000800252c                I2C2_EV_IRQHandler
                0x000000000800252c                DMA1_Stream2_IRQHandler
                0x000000000800252c                CAN1_RX0_IRQHandler
                0x000000000800252c                FPU_IRQHandler
                0x000000000800252c                OTG_HS_WKUP_IRQHandler
                0x000000000800252c                CAN2_SCE_IRQHandler
                0x000000000800252c                SPI1_IRQHandler
                0x000000000800252c                TIM6_DAC_IRQHandler
                0x000000000800252c                TIM1_BRK_TIM9_IRQHandler
                0x000000000800252c                CAN2_RX0_IRQHandler
                0x000000000800252c                DMA2_Stream3_IRQHandler
                0x000000000800252c                USART6_IRQHandler
                0x000000000800252c                USART3_IRQHandler
                0x000000000800252c                CAN1_RX1_IRQHandler
                0x000000000800252c                UART5_IRQHandler
                0x000000000800252c                DMA2_Stream0_IRQHandler
                0x000000000800252c                TIM4_IRQHandler
                0x000000000800252c                I2C1_EV_IRQHandler
                0x000000000800252c                DMA1_Stream6_IRQHandler
                0x000000000800252c                DMA1_Stream1_IRQHandler
                0x000000000800252c                UART4_IRQHandler
                0x000000000800252c                TIM3_IRQHandler
                0x000000000800252c                RCC_IRQHandler
                0x000000000800252c                TIM8_BRK_TIM12_IRQHandler
                0x000000000800252c                Default_Handler
                0x000000000800252c                ADC_IRQHandler
                0x000000000800252c                DMA1_Stream7_IRQHandler
                0x000000000800252c                TIM7_IRQHandler
                0x000000000800252c                CAN2_TX_IRQHandler
                0x000000000800252c                TIM5_IRQHandler
                0x000000000800252c                DMA2_Stream7_IRQHandler
                0x000000000800252c                I2C3_EV_IRQHandler
                0x000000000800252c                EXTI9_5_IRQHandler
                0x000000000800252c                RTC_WKUP_IRQHandler
                0x000000000800252c                SPI2_IRQHandler
                0x000000000800252c                OTG_HS_EP1_IN_IRQHandler
                0x000000000800252c                DMA1_Stream0_IRQHandler
                0x000000000800252c                CAN1_TX_IRQHandler
                0x000000000800252c                EXTI4_IRQHandler
                0x000000000800252c                FSMC_IRQHandler
                0x000000000800252c                OTG_HS_EP1_OUT_IRQHandler
                0x000000000800252c                WWDG_IRQHandler
                0x000000000800252c                OTG_FS_WKUP_IRQHandler
                0x000000000800252c                TIM1_TRG_COM_TIM11_IRQHandler
                0x000000000800252c                I2C2_ER_IRQHandler
                0x000000000800252c                DMA2_Stream1_IRQHandler
                0x000000000800252c                CAN1_SCE_IRQHandler
                0x000000000800252c                FLASH_IRQHandler
                0x000000000800252c                DMA2_Stream4_IRQHandler
                0x000000000800252c                USART1_IRQHandler
                0x000000000800252c                OTG_FS_IRQHandler
                0x000000000800252c                SPI3_IRQHandler
                0x000000000800252c                DMA1_Stream4_IRQHandler
                0x000000000800252c                I2C1_ER_IRQHandler
                0x000000000800252c                DMA2_Stream6_IRQHandler
                0x000000000800252c                DMA1_Stream3_IRQHandler
 *fill*         0x000000000800252e        0x2 
 .text.HAL_Init
                0x0000000008002530       0x44 ./Drivers/STM32F4xx_HAL_Driver/Src/stm32f4xx_hal.o
                0x0000000008002530                HAL_Init
 .text.HAL_InitTick
                0x0000000008002574       0x60 ./Drivers/STM32F4xx_HAL_Driver/Src/stm32f4xx_hal.o
                0x0000000008002574                HAL_InitTick
 .text.HAL_IncTick
                0x00000000080025d4       0x28 ./Drivers/STM32F4xx_HAL_Driver/Src/stm32f4xx_hal.o
                0x00000000080025d4                HAL_IncTick
 .text.HAL_GetTick
                0x00000000080025fc       0x18 ./Drivers/STM32F4xx_HAL_Driver/Src/stm32f4xx_hal.o
                0x00000000080025fc                HAL_GetTick
 .text.HAL_Delay
                0x0000000008002614       0x48 ./Drivers/STM32F4xx_HAL_Driver/Src/stm32f4xx_hal.o
                0x0000000008002614                HAL_Delay
 .text.__NVIC_SetPriorityGrouping
                0x000000000800265c       0x48 ./Drivers/STM32F4xx_HAL_Driver/Src/stm32f4xx_hal_cortex.o
 .text.__NVIC_GetPriorityGrouping
                0x00000000080026a4       0x1c ./Drivers/STM32F4xx_HAL_Driver/Src/stm32f4xx_hal_cortex.o
 .text.__NVIC_EnableIRQ
                0x00000000080026c0       0x3c ./Drivers/STM32F4xx_HAL_Driver/Src/stm32f4xx_hal_cortex.o
 .text.__NVIC_SetPriority
                0x00000000080026fc       0x54 ./Drivers/STM32F4xx_HAL_Driver/Src/stm32f4xx_hal_cortex.o
 .text.NVIC_EncodePriority
                0x0000000008002750       0x66 ./Drivers/STM32F4xx_HAL_Driver/Src/stm32f4xx_hal_cortex.o
 *fill*         0x00000000080027b6        0x2 
 .text.SysTick_Config
                0x00000000080027b8       0x44 ./Drivers/STM32F4xx_HAL_Driver/Src/stm32f4xx_hal_cortex.o
 .text.HAL_NVIC_SetPriorityGrouping
                0x00000000080027fc       0x16 ./Drivers/STM32F4xx_HAL_Driver/Src/stm32f4xx_hal_cortex.o
                0x00000000080027fc                HAL_NVIC_SetPriorityGrouping
 .text.HAL_NVIC_SetPriority
                0x0000000008002812       0x38 ./Drivers/STM32F4xx_HAL_Driver/Src/stm32f4xx_hal_cortex.o
                0x0000000008002812                HAL_NVIC_SetPriority
 .text.HAL_NVIC_EnableIRQ
                0x000000000800284a       0x1c ./Drivers/STM32F4xx_HAL_Driver/Src/stm32f4xx_hal_cortex.o
                0x000000000800284a                HAL_NVIC_EnableIRQ
 .text.HAL_SYSTICK_Config
                0x0000000008002866       0x18 ./Drivers/STM32F4xx_HAL_Driver/Src/stm32f4xx_hal_cortex.o
                0x0000000008002866                HAL_SYSTICK_Config
 *fill*         0x000000000800287e        0x2 
 .text.HAL_DMA_Init
                0x0000000008002880      0x15c ./Drivers/STM32F4xx_HAL_Driver/Src/stm32f4xx_hal_dma.o
                0x0000000008002880                HAL_DMA_Init
 .text.HAL_DMA_Start_IT
                0x00000000080029dc       0xb0 ./Drivers/STM32F4xx_HAL_Driver/Src/stm32f4xx_hal_dma.o
                0x00000000080029dc                HAL_DMA_Start_IT
 .text.HAL_DMA_Abort
                0x0000000008002a8c       0xe0 ./Drivers/STM32F4xx_HAL_Driver/Src/stm32f4xx_hal_dma.o
                0x0000000008002a8c                HAL_DMA_Abort
 .text.HAL_DMA_Abort_IT
                0x0000000008002b6c       0x44 ./Drivers/STM32F4xx_HAL_Driver/Src/stm32f4xx_hal_dma.o
                0x0000000008002b6c                HAL_DMA_Abort_IT
 .text.HAL_DMA_IRQHandler
                0x0000000008002bb0      0x314 ./Drivers/STM32F4xx_HAL_Driver/Src/stm32f4xx_hal_dma.o
                0x0000000008002bb0                HAL_DMA_IRQHandler
 .text.DMA_SetConfig
                0x0000000008002ec4       0x5c ./Drivers/STM32F4xx_HAL_Driver/Src/stm32f4xx_hal_dma.o
 .text.DMA_CalcBaseAndBitshift
                0x0000000008002f20       0x6c ./Drivers/STM32F4xx_HAL_Driver/Src/stm32f4xx_hal_dma.o
 .text.DMA_CheckFifoParam
                0x0000000008002f8c       0xf8 ./Drivers/STM32F4xx_HAL_Driver/Src/stm32f4xx_hal_dma.o
 .text.HAL_GPIO_Init
                0x0000000008003084      0x338 ./Drivers/STM32F4xx_HAL_Driver/Src/stm32f4xx_hal_gpio.o
                0x0000000008003084                HAL_GPIO_Init
 .text.HAL_GPIO_WritePin
                0x00000000080033bc       0x32 ./Drivers/STM32F4xx_HAL_Driver/Src/stm32f4xx_hal_gpio.o
                0x00000000080033bc                HAL_GPIO_WritePin
 *fill*         0x00000000080033ee        0x2 
 .text.HAL_GPIO_EXTI_IRQHandler
                0x00000000080033f0       0x30 ./Drivers/STM32F4xx_HAL_Driver/Src/stm32f4xx_hal_gpio.o
                0x00000000080033f0                HAL_GPIO_EXTI_IRQHandler
 .text.HAL_PCD_Init
                0x0000000008003420      0x23a ./Drivers/STM32F4xx_HAL_Driver/Src/stm32f4xx_hal_pcd.o
                0x0000000008003420                HAL_PCD_Init
 .text.HAL_PCD_Start
                0x000000000800365a       0x66 ./Drivers/STM32F4xx_HAL_Driver/Src/stm32f4xx_hal_pcd.o
                0x000000000800365a                HAL_PCD_Start
 .text.HAL_PCD_IRQHandler
                0x00000000080036c0      0x93e ./Drivers/STM32F4xx_HAL_Driver/Src/stm32f4xx_hal_pcd.o
                0x00000000080036c0                HAL_PCD_IRQHandler
 .text.HAL_PCD_SetAddress
                0x0000000008003ffe       0x4a ./Drivers/STM32F4xx_HAL_Driver/Src/stm32f4xx_hal_pcd.o
                0x0000000008003ffe                HAL_PCD_SetAddress
 .text.HAL_PCD_EP_Open
                0x0000000008004048       0xd0 ./Drivers/STM32F4xx_HAL_Driver/Src/stm32f4xx_hal_pcd.o
                0x0000000008004048                HAL_PCD_EP_Open
 .text.HAL_PCD_EP_Close
                0x0000000008004118       0x94 ./Drivers/STM32F4xx_HAL_Driver/Src/stm32f4xx_hal_pcd.o
                0x0000000008004118                HAL_PCD_EP_Close
 .text.HAL_PCD_EP_Receive
                0x00000000080041ac       0x96 ./Drivers/STM32F4xx_HAL_Driver/Src/stm32f4xx_hal_pcd.o
                0x00000000080041ac                HAL_PCD_EP_Receive
 .text.HAL_PCD_EP_GetRxCount
                0x0000000008004242       0x30 ./Drivers/STM32F4xx_HAL_Driver/Src/stm32f4xx_hal_pcd.o
                0x0000000008004242                HAL_PCD_EP_GetRxCount
 .text.HAL_PCD_EP_Transmit
                0x0000000008004272       0x94 ./Drivers/STM32F4xx_HAL_Driver/Src/stm32f4xx_hal_pcd.o
                0x0000000008004272                HAL_PCD_EP_Transmit
 .text.HAL_PCD_EP_SetStall
                0x0000000008004306       0xc8 ./Drivers/STM32F4xx_HAL_Driver/Src/stm32f4xx_hal_pcd.o
                0x0000000008004306                HAL_PCD_EP_SetStall
 .text.HAL_PCD_EP_ClrStall
                0x00000000080043ce       0xac ./Drivers/STM32F4xx_HAL_Driver/Src/stm32f4xx_hal_pcd.o
                0x00000000080043ce                HAL_PCD_EP_ClrStall
 .text.HAL_PCD_EP_Abort
                0x000000000800447a       0x62 ./Drivers/STM32F4xx_HAL_Driver/Src/stm32f4xx_hal_pcd.o
                0x000000000800447a                HAL_PCD_EP_Abort
 .text.PCD_WriteEmptyTxFifo
                0x00000000080044dc      0x11a ./Drivers/STM32F4xx_HAL_Driver/Src/stm32f4xx_hal_pcd.o
 *fill*         0x00000000080045f6        0x2 
 .text.PCD_EP_OutXfrComplete_int
                0x00000000080045f8      0x1d0 ./Drivers/STM32F4xx_HAL_Driver/Src/stm32f4xx_hal_pcd.o
 .text.PCD_EP_OutSetupPacket_int
                0x00000000080047c8       0x8c ./Drivers/STM32F4xx_HAL_Driver/Src/stm32f4xx_hal_pcd.o
 .text.HAL_PCDEx_SetTxFiFo
                0x0000000008004854       0x8e ./Drivers/STM32F4xx_HAL_Driver/Src/stm32f4xx_hal_pcd_ex.o
                0x0000000008004854                HAL_PCDEx_SetTxFiFo
 .text.HAL_PCDEx_SetRxFiFo
                0x00000000080048e2       0x22 ./Drivers/STM32F4xx_HAL_Driver/Src/stm32f4xx_hal_pcd_ex.o
                0x00000000080048e2                HAL_PCDEx_SetRxFiFo
 .text.HAL_PCDEx_LPM_Callback
                0x0000000008004904       0x18 ./Drivers/STM32F4xx_HAL_Driver/Src/stm32f4xx_hal_pcd_ex.o
                0x0000000008004904                HAL_PCDEx_LPM_Callback
 .text.HAL_RCC_OscConfig
                0x000000000800491c      0x4f0 ./Drivers/STM32F4xx_HAL_Driver/Src/stm32f4xx_hal_rcc.o
                0x000000000800491c                HAL_RCC_OscConfig
 .text.HAL_RCC_ClockConfig
                0x0000000008004e0c      0x1cc ./Drivers/STM32F4xx_HAL_Driver/Src/stm32f4xx_hal_rcc.o
                0x0000000008004e0c                HAL_RCC_ClockConfig
 .text.HAL_RCC_GetSysClockFreq
                0x0000000008004fd8      0x18c ./Drivers/STM32F4xx_HAL_Driver/Src/stm32f4xx_hal_rcc.o
                0x0000000008004fd8                HAL_RCC_GetSysClockFreq
 .text.HAL_RCC_GetHCLKFreq
                0x0000000008005164       0x18 ./Drivers/STM32F4xx_HAL_Driver/Src/stm32f4xx_hal_rcc.o
                0x0000000008005164                HAL_RCC_GetHCLKFreq
 .text.HAL_RCC_GetPCLK1Freq
                0x000000000800517c       0x28 ./Drivers/STM32F4xx_HAL_Driver/Src/stm32f4xx_hal_rcc.o
                0x000000000800517c                HAL_RCC_GetPCLK1Freq
 .text.HAL_RCC_GetPCLK2Freq
                0x00000000080051a4       0x28 ./Drivers/STM32F4xx_HAL_Driver/Src/stm32f4xx_hal_rcc.o
                0x00000000080051a4                HAL_RCC_GetPCLK2Freq
 .text.HAL_SPI_Init
                0x00000000080051cc      0x112 ./Drivers/STM32F4xx_HAL_Driver/Src/stm32f4xx_hal_spi.o
                0x00000000080051cc                HAL_SPI_Init
 .text.HAL_SPI_Transmit
                0x00000000080052de      0x278 ./Drivers/STM32F4xx_HAL_Driver/Src/stm32f4xx_hal_spi.o
                0x00000000080052de                HAL_SPI_Transmit
 .text.HAL_SPI_Receive
                0x0000000008005556      0x222 ./Drivers/STM32F4xx_HAL_Driver/Src/stm32f4xx_hal_spi.o
                0x0000000008005556                HAL_SPI_Receive
 .text.HAL_SPI_TransmitReceive
                0x0000000008005778      0x344 ./Drivers/STM32F4xx_HAL_Driver/Src/stm32f4xx_hal_spi.o
                0x0000000008005778                HAL_SPI_TransmitReceive
 .text.HAL_SPI_GetState
                0x0000000008005abc       0x1c ./Drivers/STM32F4xx_HAL_Driver/Src/stm32f4xx_hal_spi.o
                0x0000000008005abc                HAL_SPI_GetState
 .text.SPI_WaitFlagStateUntilTimeout
                0x0000000008005ad8      0x110 ./Drivers/STM32F4xx_HAL_Driver/Src/stm32f4xx_hal_spi.o
 .text.SPI_EndRxTransaction
                0x0000000008005be8       0xca ./Drivers/STM32F4xx_HAL_Driver/Src/stm32f4xx_hal_spi.o
 *fill*         0x0000000008005cb2        0x2 
 .text.SPI_EndRxTxTransaction
                0x0000000008005cb4       0x84 ./Drivers/STM32F4xx_HAL_Driver/Src/stm32f4xx_hal_spi.o
 .text.HAL_TIM_Base_Init
                0x0000000008005d38       0x9e ./Drivers/STM32F4xx_HAL_Driver/Src/stm32f4xx_hal_tim.o
                0x0000000008005d38                HAL_TIM_Base_Init
 *fill*         0x0000000008005dd6        0x2 
 .text.HAL_TIM_Base_Start_IT
                0x0000000008005dd8       0xe0 ./Drivers/STM32F4xx_HAL_Driver/Src/stm32f4xx_hal_tim.o
                0x0000000008005dd8                HAL_TIM_Base_Start_IT
 .text.HAL_TIM_IRQHandler
                0x0000000008005eb8      0x210 ./Drivers/STM32F4xx_HAL_Driver/Src/stm32f4xx_hal_tim.o
                0x0000000008005eb8                HAL_TIM_IRQHandler
 .text.HAL_TIM_ConfigClockSource
                0x00000000080060c8      0x18e ./Drivers/STM32F4xx_HAL_Driver/Src/stm32f4xx_hal_tim.o
                0x00000000080060c8                HAL_TIM_ConfigClockSource
 .text.HAL_TIM_OC_DelayElapsedCallback
                0x0000000008006256       0x14 ./Drivers/STM32F4xx_HAL_Driver/Src/stm32f4xx_hal_tim.o
                0x0000000008006256                HAL_TIM_OC_DelayElapsedCallback
 .text.HAL_TIM_IC_CaptureCallback
                0x000000000800626a       0x14 ./Drivers/STM32F4xx_HAL_Driver/Src/stm32f4xx_hal_tim.o
                0x000000000800626a                HAL_TIM_IC_CaptureCallback
 .text.HAL_TIM_PWM_PulseFinishedCallback
                0x000000000800627e       0x14 ./Drivers/STM32F4xx_HAL_Driver/Src/stm32f4xx_hal_tim.o
                0x000000000800627e                HAL_TIM_PWM_PulseFinishedCallback
 .text.HAL_TIM_TriggerCallback
                0x0000000008006292       0x14 ./Drivers/STM32F4xx_HAL_Driver/Src/stm32f4xx_hal_tim.o
                0x0000000008006292                HAL_TIM_TriggerCallback
 *fill*         0x00000000080062a6        0x2 
 .text.TIM_Base_SetConfig
                0x00000000080062a8      0x140 ./Drivers/STM32F4xx_HAL_Driver/Src/stm32f4xx_hal_tim.o
                0x00000000080062a8                TIM_Base_SetConfig
 .text.TIM_TI1_ConfigInputStage
                0x00000000080063e8       0x5e ./Drivers/STM32F4xx_HAL_Driver/Src/stm32f4xx_hal_tim.o
 .text.TIM_TI2_ConfigInputStage
                0x0000000008006446       0x60 ./Drivers/STM32F4xx_HAL_Driver/Src/stm32f4xx_hal_tim.o
 .text.TIM_ITRx_SetConfig
                0x00000000080064a6       0x36 ./Drivers/STM32F4xx_HAL_Driver/Src/stm32f4xx_hal_tim.o
 .text.TIM_ETR_SetConfig
                0x00000000080064dc       0x40 ./Drivers/STM32F4xx_HAL_Driver/Src/stm32f4xx_hal_tim.o
                0x00000000080064dc                TIM_ETR_SetConfig
 .text.HAL_TIMEx_MasterConfigSynchronization
                0x000000000800651c       0xf8 ./Drivers/STM32F4xx_HAL_Driver/Src/stm32f4xx_hal_tim_ex.o
                0x000000000800651c                HAL_TIMEx_MasterConfigSynchronization
 .text.HAL_TIMEx_CommutCallback
                0x0000000008006614       0x14 ./Drivers/STM32F4xx_HAL_Driver/Src/stm32f4xx_hal_tim_ex.o
                0x0000000008006614                HAL_TIMEx_CommutCallback
 .text.HAL_TIMEx_BreakCallback
                0x0000000008006628       0x14 ./Drivers/STM32F4xx_HAL_Driver/Src/stm32f4xx_hal_tim_ex.o
                0x0000000008006628                HAL_TIMEx_BreakCallback
 .text.HAL_UART_Init
                0x000000000800663c       0x9a ./Drivers/STM32F4xx_HAL_Driver/Src/stm32f4xx_hal_uart.o
                0x000000000800663c                HAL_UART_Init
 .text.HAL_UART_Transmit
                0x00000000080066d6      0x124 ./Drivers/STM32F4xx_HAL_Driver/Src/stm32f4xx_hal_uart.o
                0x00000000080066d6                HAL_UART_Transmit
 .text.HAL_UART_Receive
                0x00000000080067fa      0x144 ./Drivers/STM32F4xx_HAL_Driver/Src/stm32f4xx_hal_uart.o
                0x00000000080067fa                HAL_UART_Receive
 .text.HAL_UART_Receive_DMA
                0x000000000800693e       0x60 ./Drivers/STM32F4xx_HAL_Driver/Src/stm32f4xx_hal_uart.o
                0x000000000800693e                HAL_UART_Receive_DMA
 *fill*         0x000000000800699e        0x2 
 .text.HAL_UART_IRQHandler
                0x00000000080069a0      0x51c ./Drivers/STM32F4xx_HAL_Driver/Src/stm32f4xx_hal_uart.o
                0x00000000080069a0                HAL_UART_IRQHandler
 .text.HAL_UART_TxCpltCallback
                0x0000000008006ebc       0x14 ./Drivers/STM32F4xx_HAL_Driver/Src/stm32f4xx_hal_uart.o
                0x0000000008006ebc                HAL_UART_TxCpltCallback
 .text.HAL_UART_ErrorCallback
                0x0000000008006ed0       0x14 ./Drivers/STM32F4xx_HAL_Driver/Src/stm32f4xx_hal_uart.o
                0x0000000008006ed0                HAL_UART_ErrorCallback
 .text.HAL_UARTEx_RxEventCallback
                0x0000000008006ee4       0x18 ./Drivers/STM32F4xx_HAL_Driver/Src/stm32f4xx_hal_uart.o
                0x0000000008006ee4                HAL_UARTEx_RxEventCallback
 .text.UART_DMAReceiveCplt
                0x0000000008006efc      0x126 ./Drivers/STM32F4xx_HAL_Driver/Src/stm32f4xx_hal_uart.o
 .text.UART_DMARxHalfCplt
                0x0000000008007022       0x36 ./Drivers/STM32F4xx_HAL_Driver/Src/stm32f4xx_hal_uart.o
 .text.UART_DMAError
                0x0000000008007058       0x94 ./Drivers/STM32F4xx_HAL_Driver/Src/stm32f4xx_hal_uart.o
 .text.UART_WaitOnFlagUntilTimeout
                0x00000000080070ec       0xdc ./Drivers/STM32F4xx_HAL_Driver/Src/stm32f4xx_hal_uart.o
 .text.UART_Start_Receive_DMA
                0x00000000080071c8      0x13c ./Drivers/STM32F4xx_HAL_Driver/Src/stm32f4xx_hal_uart.o
                0x00000000080071c8                UART_Start_Receive_DMA
 .text.UART_EndTxTransfer
                0x0000000008007304       0x50 ./Drivers/STM32F4xx_HAL_Driver/Src/stm32f4xx_hal_uart.o
 .text.UART_EndRxTransfer
                0x0000000008007354       0xc6 ./Drivers/STM32F4xx_HAL_Driver/Src/stm32f4xx_hal_uart.o
 .text.UART_DMAAbortOnError
                0x000000000800741a       0x28 ./Drivers/STM32F4xx_HAL_Driver/Src/stm32f4xx_hal_uart.o
 .text.UART_Transmit_IT
                0x0000000008007442       0xa0 ./Drivers/STM32F4xx_HAL_Driver/Src/stm32f4xx_hal_uart.o
 .text.UART_EndTransmit_IT
                0x00000000080074e2       0x30 ./Drivers/STM32F4xx_HAL_Driver/Src/stm32f4xx_hal_uart.o
 .text.UART_Receive_IT
                0x0000000008007512      0x176 ./Drivers/STM32F4xx_HAL_Driver/Src/stm32f4xx_hal_uart.o
 .text.UART_SetConfig
                0x0000000008007688      0x4e8 ./Drivers/STM32F4xx_HAL_Driver/Src/stm32f4xx_hal_uart.o
 .text.USB_CoreInit
                0x0000000008007b70       0xc2 ./Drivers/STM32F4xx_HAL_Driver/Src/stm32f4xx_ll_usb.o
                0x0000000008007b70                USB_CoreInit
 *fill*         0x0000000008007c32        0x2 
 .text.USB_SetTurnaroundTime
                0x0000000008007c34      0x144 ./Drivers/STM32F4xx_HAL_Driver/Src/stm32f4xx_ll_usb.o
                0x0000000008007c34                USB_SetTurnaroundTime
 .text.USB_EnableGlobalInt
                0x0000000008007d78       0x22 ./Drivers/STM32F4xx_HAL_Driver/Src/stm32f4xx_ll_usb.o
                0x0000000008007d78                USB_EnableGlobalInt
 .text.USB_DisableGlobalInt
                0x0000000008007d9a       0x22 ./Drivers/STM32F4xx_HAL_Driver/Src/stm32f4xx_ll_usb.o
                0x0000000008007d9a                USB_DisableGlobalInt
 .text.USB_SetCurrentMode
                0x0000000008007dbc       0x98 ./Drivers/STM32F4xx_HAL_Driver/Src/stm32f4xx_ll_usb.o
                0x0000000008007dbc                USB_SetCurrentMode
 .text.USB_DevInit
                0x0000000008007e54      0x2c8 ./Drivers/STM32F4xx_HAL_Driver/Src/stm32f4xx_ll_usb.o
                0x0000000008007e54                USB_DevInit
 .text.USB_FlushTxFifo
                0x000000000800811c       0x68 ./Drivers/STM32F4xx_HAL_Driver/Src/stm32f4xx_ll_usb.o
                0x000000000800811c                USB_FlushTxFifo
 .text.USB_FlushRxFifo
                0x0000000008008184       0x60 ./Drivers/STM32F4xx_HAL_Driver/Src/stm32f4xx_ll_usb.o
                0x0000000008008184                USB_FlushRxFifo
 .text.USB_SetDevSpeed
                0x00000000080081e4       0x32 ./Drivers/STM32F4xx_HAL_Driver/Src/stm32f4xx_ll_usb.o
                0x00000000080081e4                USB_SetDevSpeed
 .text.USB_GetDevSpeed
                0x0000000008008216       0x4a ./Drivers/STM32F4xx_HAL_Driver/Src/stm32f4xx_ll_usb.o
                0x0000000008008216                USB_GetDevSpeed
 .text.USB_ActivateEndpoint
                0x0000000008008260      0x10e ./Drivers/STM32F4xx_HAL_Driver/Src/stm32f4xx_ll_usb.o
                0x0000000008008260                USB_ActivateEndpoint
 *fill*         0x000000000800836e        0x2 
 .text.USB_DeactivateEndpoint
                0x0000000008008370      0x1b8 ./Drivers/STM32F4xx_HAL_Driver/Src/stm32f4xx_ll_usb.o
                0x0000000008008370                USB_DeactivateEndpoint
 .text.USB_EPStartXfer
                0x0000000008008528      0x490 ./Drivers/STM32F4xx_HAL_Driver/Src/stm32f4xx_ll_usb.o
                0x0000000008008528                USB_EPStartXfer
 .text.USB_EP0StartXfer
                0x00000000080089b8      0x2b0 ./Drivers/STM32F4xx_HAL_Driver/Src/stm32f4xx_ll_usb.o
                0x00000000080089b8                USB_EP0StartXfer
 .text.USB_EPStopXfer
                0x0000000008008c68      0x154 ./Drivers/STM32F4xx_HAL_Driver/Src/stm32f4xx_ll_usb.o
                0x0000000008008c68                USB_EPStopXfer
 .text.USB_WritePacket
                0x0000000008008dbc       0x7c ./Drivers/STM32F4xx_HAL_Driver/Src/stm32f4xx_ll_usb.o
                0x0000000008008dbc                USB_WritePacket
 .text.USB_ReadPacket
                0x0000000008008e38       0xb0 ./Drivers/STM32F4xx_HAL_Driver/Src/stm32f4xx_ll_usb.o
                0x0000000008008e38                USB_ReadPacket
 .text.USB_EPSetStall
                0x0000000008008ee8       0xdc ./Drivers/STM32F4xx_HAL_Driver/Src/stm32f4xx_ll_usb.o
                0x0000000008008ee8                USB_EPSetStall
 .text.USB_EPClearStall
                0x0000000008008fc4       0xcc ./Drivers/STM32F4xx_HAL_Driver/Src/stm32f4xx_ll_usb.o
                0x0000000008008fc4                USB_EPClearStall
 .text.USB_SetDevAddress
                0x0000000008009090       0x4c ./Drivers/STM32F4xx_HAL_Driver/Src/stm32f4xx_ll_usb.o
                0x0000000008009090                USB_SetDevAddress
 .text.USB_DevConnect
                0x00000000080090dc       0x42 ./Drivers/STM32F4xx_HAL_Driver/Src/stm32f4xx_ll_usb.o
                0x00000000080090dc                USB_DevConnect
 .text.USB_DevDisconnect
                0x000000000800911e       0x42 ./Drivers/STM32F4xx_HAL_Driver/Src/stm32f4xx_ll_usb.o
                0x000000000800911e                USB_DevDisconnect
 .text.USB_ReadInterrupts
                0x0000000008009160       0x26 ./Drivers/STM32F4xx_HAL_Driver/Src/stm32f4xx_ll_usb.o
                0x0000000008009160                USB_ReadInterrupts
 .text.USB_ReadDevAllOutEpInterrupt
                0x0000000008009186       0x34 ./Drivers/STM32F4xx_HAL_Driver/Src/stm32f4xx_ll_usb.o
                0x0000000008009186                USB_ReadDevAllOutEpInterrupt
 .text.USB_ReadDevAllInEpInterrupt
                0x00000000080091ba       0x34 ./Drivers/STM32F4xx_HAL_Driver/Src/stm32f4xx_ll_usb.o
                0x00000000080091ba                USB_ReadDevAllInEpInterrupt
 .text.USB_ReadDevOutEPInterrupt
                0x00000000080091ee       0x3c ./Drivers/STM32F4xx_HAL_Driver/Src/stm32f4xx_ll_usb.o
                0x00000000080091ee                USB_ReadDevOutEPInterrupt
 .text.USB_ReadDevInEPInterrupt
                0x000000000800922a       0x5c ./Drivers/STM32F4xx_HAL_Driver/Src/stm32f4xx_ll_usb.o
                0x000000000800922a                USB_ReadDevInEPInterrupt
 .text.USB_GetMode
                0x0000000008009286       0x1c ./Drivers/STM32F4xx_HAL_Driver/Src/stm32f4xx_ll_usb.o
                0x0000000008009286                USB_GetMode
 .text.USB_ActivateSetup
                0x00000000080092a2       0x46 ./Drivers/STM32F4xx_HAL_Driver/Src/stm32f4xx_ll_usb.o
                0x00000000080092a2                USB_ActivateSetup
 .text.USB_EP0_OutStart
                0x00000000080092e8       0xbc ./Drivers/STM32F4xx_HAL_Driver/Src/stm32f4xx_ll_usb.o
                0x00000000080092e8                USB_EP0_OutStart
 .text.USB_CoreReset
                0x00000000080093a4       0x68 ./Drivers/STM32F4xx_HAL_Driver/Src/stm32f4xx_ll_usb.o
 .text.USBD_CDC_Init
                0x000000000800940c      0x1f0 ./Middlewares/ST/STM32_USB_Device_Library/Class/CDC/Src/usbd_cdc.o
 .text.USBD_CDC_DeInit
                0x00000000080095fc      0x104 ./Middlewares/ST/STM32_USB_Device_Library/Class/CDC/Src/usbd_cdc.o
 .text.USBD_CDC_Setup
                0x0000000008009700      0x1b8 ./Middlewares/ST/STM32_USB_Device_Library/Class/CDC/Src/usbd_cdc.o
 .text.USBD_CDC_DataIn
                0x00000000080098b8       0xfe ./Middlewares/ST/STM32_USB_Device_Library/Class/CDC/Src/usbd_cdc.o
 .text.USBD_CDC_DataOut
                0x00000000080099b6       0x70 ./Middlewares/ST/STM32_USB_Device_Library/Class/CDC/Src/usbd_cdc.o
 .text.USBD_CDC_EP0_RxReady
                0x0000000008009a26       0x76 ./Middlewares/ST/STM32_USB_Device_Library/Class/CDC/Src/usbd_cdc.o
 .text.USBD_CDC_GetFSCfgDesc
                0x0000000008009a9c       0x70 ./Middlewares/ST/STM32_USB_Device_Library/Class/CDC/Src/usbd_cdc.o
 .text.USBD_CDC_GetHSCfgDesc
                0x0000000008009b0c       0x70 ./Middlewares/ST/STM32_USB_Device_Library/Class/CDC/Src/usbd_cdc.o
 .text.USBD_CDC_GetOtherSpeedCfgDesc
                0x0000000008009b7c       0x70 ./Middlewares/ST/STM32_USB_Device_Library/Class/CDC/Src/usbd_cdc.o
 .text.USBD_CDC_GetDeviceQualifierDescriptor
                0x0000000008009bec       0x20 ./Middlewares/ST/STM32_USB_Device_Library/Class/CDC/Src/usbd_cdc.o
                0x0000000008009bec                USBD_CDC_GetDeviceQualifierDescriptor
 .text.USBD_CDC_RegisterInterface
                0x0000000008009c0c       0x34 ./Middlewares/ST/STM32_USB_Device_Library/Class/CDC/Src/usbd_cdc.o
                0x0000000008009c0c                USBD_CDC_RegisterInterface
 .text.USBD_CDC_SetTxBuffer
                0x0000000008009c40       0x44 ./Middlewares/ST/STM32_USB_Device_Library/Class/CDC/Src/usbd_cdc.o
                0x0000000008009c40                USBD_CDC_SetTxBuffer
 .text.USBD_CDC_SetRxBuffer
                0x0000000008009c84       0x3a ./Middlewares/ST/STM32_USB_Device_Library/Class/CDC/Src/usbd_cdc.o
                0x0000000008009c84                USBD_CDC_SetRxBuffer
 *fill*         0x0000000008009cbe        0x2 
 .text.USBD_CDC_ReceivePacket
                0x0000000008009cc0       0x6c ./Middlewares/ST/STM32_USB_Device_Library/Class/CDC/Src/usbd_cdc.o
                0x0000000008009cc0                USBD_CDC_ReceivePacket
 .text.USBD_Init
                0x0000000008009d2c       0x60 ./Middlewares/ST/STM32_USB_Device_Library/Core/Src/usbd_core.o
                0x0000000008009d2c                USBD_Init
 .text.USBD_RegisterClass
                0x0000000008009d8c       0x6c ./Middlewares/ST/STM32_USB_Device_Library/Core/Src/usbd_core.o
                0x0000000008009d8c                USBD_RegisterClass
 .text.USBD_Start
                0x0000000008009df8       0x18 ./Middlewares/ST/STM32_USB_Device_Library/Core/Src/usbd_core.o
                0x0000000008009df8                USBD_Start
 .text.USBD_RunTestMode
                0x0000000008009e10       0x16 ./Middlewares/ST/STM32_USB_Device_Library/Core/Src/usbd_core.o
                0x0000000008009e10                USBD_RunTestMode
 .text.USBD_SetClassConfig
                0x0000000008009e26       0x38 ./Middlewares/ST/STM32_USB_Device_Library/Core/Src/usbd_core.o
                0x0000000008009e26                USBD_SetClassConfig
 .text.USBD_ClrClassConfig
                0x0000000008009e5e       0x34 ./Middlewares/ST/STM32_USB_Device_Library/Core/Src/usbd_core.o
                0x0000000008009e5e                USBD_ClrClassConfig
 .text.USBD_LL_SetupStage
                0x0000000008009e92       0xaa ./Middlewares/ST/STM32_USB_Device_Library/Core/Src/usbd_core.o
                0x0000000008009e92                USBD_LL_SetupStage
 .text.USBD_LL_DataOutStage
                0x0000000008009f3c      0x166 ./Middlewares/ST/STM32_USB_Device_Library/Core/Src/usbd_core.o
                0x0000000008009f3c                USBD_LL_DataOutStage
 .text.USBD_LL_DataInStage
                0x000000000800a0a2      0x164 ./Middlewares/ST/STM32_USB_Device_Library/Core/Src/usbd_core.o
                0x000000000800a0a2                USBD_LL_DataInStage
 .text.USBD_LL_Reset
                0x000000000800a206       0xa4 ./Middlewares/ST/STM32_USB_Device_Library/Core/Src/usbd_core.o
                0x000000000800a206                USBD_LL_Reset
 .text.USBD_LL_SetSpeed
                0x000000000800a2aa       0x20 ./Middlewares/ST/STM32_USB_Device_Library/Core/Src/usbd_core.o
                0x000000000800a2aa                USBD_LL_SetSpeed
 .text.USBD_LL_Suspend
                0x000000000800a2ca       0x2c ./Middlewares/ST/STM32_USB_Device_Library/Core/Src/usbd_core.o
                0x000000000800a2ca                USBD_LL_Suspend
 .text.USBD_LL_Resume
                0x000000000800a2f6       0x30 ./Middlewares/ST/STM32_USB_Device_Library/Core/Src/usbd_core.o
                0x000000000800a2f6                USBD_LL_Resume
 .text.USBD_LL_SOF
                0x000000000800a326       0x40 ./Middlewares/ST/STM32_USB_Device_Library/Core/Src/usbd_core.o
                0x000000000800a326                USBD_LL_SOF
 .text.USBD_LL_IsoINIncomplete
                0x000000000800a366       0x64 ./Middlewares/ST/STM32_USB_Device_Library/Core/Src/usbd_core.o
                0x000000000800a366                USBD_LL_IsoINIncomplete
 .text.USBD_LL_IsoOUTIncomplete
                0x000000000800a3ca       0x64 ./Middlewares/ST/STM32_USB_Device_Library/Core/Src/usbd_core.o
                0x000000000800a3ca                USBD_LL_IsoOUTIncomplete
 .text.USBD_LL_DevConnected
                0x000000000800a42e       0x16 ./Middlewares/ST/STM32_USB_Device_Library/Core/Src/usbd_core.o
                0x000000000800a42e                USBD_LL_DevConnected
 .text.USBD_LL_DevDisconnected
                0x000000000800a444       0x46 ./Middlewares/ST/STM32_USB_Device_Library/Core/Src/usbd_core.o
                0x000000000800a444                USBD_LL_DevDisconnected
 .text.USBD_CoreFindIF
                0x000000000800a48a       0x1a ./Middlewares/ST/STM32_USB_Device_Library/Core/Src/usbd_core.o
                0x000000000800a48a                USBD_CoreFindIF
 .text.USBD_CoreFindEP
                0x000000000800a4a4       0x1a ./Middlewares/ST/STM32_USB_Device_Library/Core/Src/usbd_core.o
                0x000000000800a4a4                USBD_CoreFindEP
 .text.USBD_GetEpDesc
                0x000000000800a4be       0x74 ./Middlewares/ST/STM32_USB_Device_Library/Core/Src/usbd_core.o
                0x000000000800a4be                USBD_GetEpDesc
 .text.USBD_GetNextDesc
                0x000000000800a532       0x3a ./Middlewares/ST/STM32_USB_Device_Library/Core/Src/usbd_core.o
                0x000000000800a532                USBD_GetNextDesc
 .text.SWAPBYTE
                0x000000000800a56c       0x3c ./Middlewares/ST/STM32_USB_Device_Library/Core/Src/usbd_ctlreq.o
 .text.USBD_StdDevReq
                0x000000000800a5a8       0xe4 ./Middlewares/ST/STM32_USB_Device_Library/Core/Src/usbd_ctlreq.o
                0x000000000800a5a8                USBD_StdDevReq
 .text.USBD_StdItfReq
                0x000000000800a68c       0xd8 ./Middlewares/ST/STM32_USB_Device_Library/Core/Src/usbd_ctlreq.o
                0x000000000800a68c                USBD_StdItfReq
 .text.USBD_StdEPReq
                0x000000000800a764      0x33a ./Middlewares/ST/STM32_USB_Device_Library/Core/Src/usbd_ctlreq.o
                0x000000000800a764                USBD_StdEPReq
 *fill*         0x000000000800aa9e        0x2 
 .text.USBD_GetDescriptor
                0x000000000800aaa0      0x2d4 ./Middlewares/ST/STM32_USB_Device_Library/Core/Src/usbd_ctlreq.o
 .text.USBD_SetAddress
                0x000000000800ad74       0x88 ./Middlewares/ST/STM32_USB_Device_Library/Core/Src/usbd_ctlreq.o
 .text.USBD_SetConfig
                0x000000000800adfc      0x154 ./Middlewares/ST/STM32_USB_Device_Library/Core/Src/usbd_ctlreq.o
 .text.USBD_GetConfig
                0x000000000800af50       0x6c ./Middlewares/ST/STM32_USB_Device_Library/Core/Src/usbd_ctlreq.o
 .text.USBD_GetStatus
                0x000000000800afbc       0x68 ./Middlewares/ST/STM32_USB_Device_Library/Core/Src/usbd_ctlreq.o
 .text.USBD_SetFeature
                0x000000000800b024       0x52 ./Middlewares/ST/STM32_USB_Device_Library/Core/Src/usbd_ctlreq.o
 .text.USBD_ClrFeature
                0x000000000800b076       0x44 ./Middlewares/ST/STM32_USB_Device_Library/Core/Src/usbd_ctlreq.o
 .text.USBD_ParseSetupRequest
                0x000000000800b0ba       0x74 ./Middlewares/ST/STM32_USB_Device_Library/Core/Src/usbd_ctlreq.o
                0x000000000800b0ba                USBD_ParseSetupRequest
 .text.USBD_CtlError
                0x000000000800b12e       0x22 ./Middlewares/ST/STM32_USB_Device_Library/Core/Src/usbd_ctlreq.o
                0x000000000800b12e                USBD_CtlError
 .text.USBD_GetString
                0x000000000800b150       0x8c ./Middlewares/ST/STM32_USB_Device_Library/Core/Src/usbd_ctlreq.o
                0x000000000800b150                USBD_GetString
 .text.USBD_GetLen
                0x000000000800b1dc       0x34 ./Middlewares/ST/STM32_USB_Device_Library/Core/Src/usbd_ctlreq.o
 .text.USBD_CtlSendData
                0x000000000800b210       0x36 ./Middlewares/ST/STM32_USB_Device_Library/Core/Src/usbd_ioreq.o
                0x000000000800b210                USBD_CtlSendData
 .text.USBD_CtlContinueSendData
                0x000000000800b246       0x22 ./Middlewares/ST/STM32_USB_Device_Library/Core/Src/usbd_ioreq.o
                0x000000000800b246                USBD_CtlContinueSendData
 .text.USBD_CtlPrepareRx
                0x000000000800b268       0x3a ./Middlewares/ST/STM32_USB_Device_Library/Core/Src/usbd_ioreq.o
                0x000000000800b268                USBD_CtlPrepareRx
 .text.USBD_CtlContinueRx
                0x000000000800b2a2       0x22 ./Middlewares/ST/STM32_USB_Device_Library/Core/Src/usbd_ioreq.o
                0x000000000800b2a2                USBD_CtlContinueRx
 .text.USBD_CtlSendStatus
                0x000000000800b2c4       0x26 ./Middlewares/ST/STM32_USB_Device_Library/Core/Src/usbd_ioreq.o
                0x000000000800b2c4                USBD_CtlSendStatus
 .text.USBD_CtlReceiveStatus
                0x000000000800b2ea       0x26 ./Middlewares/ST/STM32_USB_Device_Library/Core/Src/usbd_ioreq.o
                0x000000000800b2ea                USBD_CtlReceiveStatus
 .text.MX_USB_DEVICE_Init
                0x000000000800b310       0x60 ./USB_DEVICE/App/usb_device.o
                0x000000000800b310                MX_USB_DEVICE_Init
 .text.CDC_Init_HS
                0x000000000800b370       0x28 ./USB_DEVICE/App/usbd_cdc_if.o
 .text.CDC_DeInit_HS
                0x000000000800b398       0x10 ./USB_DEVICE/App/usbd_cdc_if.o
 .text.CDC_Control_HS
                0x000000000800b3a8       0xbc ./USB_DEVICE/App/usbd_cdc_if.o
 .text.CDC_Receive_HS
                0x000000000800b464       0x7c ./USB_DEVICE/App/usbd_cdc_if.o
 .text.CDC_TransmitCplt_HS
                0x000000000800b4e0       0x22 ./USB_DEVICE/App/usbd_cdc_if.o
 *fill*         0x000000000800b502        0x2 
 .text.USBD_HS_DeviceDescriptor
                0x000000000800b504       0x24 ./USB_DEVICE/App/usbd_desc.o
                0x000000000800b504                USBD_HS_DeviceDescriptor
 .text.USBD_HS_LangIDStrDescriptor
                0x000000000800b528       0x24 ./USB_DEVICE/App/usbd_desc.o
                0x000000000800b528                USBD_HS_LangIDStrDescriptor
 .text.USBD_HS_ProductStrDescriptor
                0x000000000800b54c       0x3c ./USB_DEVICE/App/usbd_desc.o
                0x000000000800b54c                USBD_HS_ProductStrDescriptor
 .text.USBD_HS_ManufacturerStrDescriptor
                0x000000000800b588       0x28 ./USB_DEVICE/App/usbd_desc.o
                0x000000000800b588                USBD_HS_ManufacturerStrDescriptor
 .text.USBD_HS_SerialStrDescriptor
                0x000000000800b5b0       0x24 ./USB_DEVICE/App/usbd_desc.o
                0x000000000800b5b0                USBD_HS_SerialStrDescriptor
 .text.USBD_HS_ConfigStrDescriptor
                0x000000000800b5d4       0x3c ./USB_DEVICE/App/usbd_desc.o
                0x000000000800b5d4                USBD_HS_ConfigStrDescriptor
 .text.USBD_HS_InterfaceStrDescriptor
                0x000000000800b610       0x3c ./USB_DEVICE/App/usbd_desc.o
                0x000000000800b610                USBD_HS_InterfaceStrDescriptor
 .text.Get_SerialNum
                0x000000000800b64c       0x58 ./USB_DEVICE/App/usbd_desc.o
 .text.IntToUnicode
                0x000000000800b6a4       0x7e ./USB_DEVICE/App/usbd_desc.o
 *fill*         0x000000000800b722        0x2 
 .text.HAL_PCD_MspInit
                0x000000000800b724       0xa0 ./USB_DEVICE/Target/usbd_conf.o
                0x000000000800b724                HAL_PCD_MspInit
 .text.HAL_PCD_SetupStageCallback
                0x000000000800b7c4       0x24 ./USB_DEVICE/Target/usbd_conf.o
                0x000000000800b7c4                HAL_PCD_SetupStageCallback
 .text.HAL_PCD_DataOutStageCallback
                0x000000000800b7e8       0x36 ./USB_DEVICE/Target/usbd_conf.o
                0x000000000800b7e8                HAL_PCD_DataOutStageCallback
 .text.HAL_PCD_DataInStageCallback
                0x000000000800b81e       0x34 ./USB_DEVICE/Target/usbd_conf.o
                0x000000000800b81e                HAL_PCD_DataInStageCallback
 .text.HAL_PCD_SOFCallback
                0x000000000800b852       0x1c ./USB_DEVICE/Target/usbd_conf.o
                0x000000000800b852                HAL_PCD_SOFCallback
 .text.HAL_PCD_ResetCallback
                0x000000000800b86e       0x50 ./USB_DEVICE/Target/usbd_conf.o
                0x000000000800b86e                HAL_PCD_ResetCallback
 *fill*         0x000000000800b8be        0x2 
 .text.HAL_PCD_SuspendCallback
                0x000000000800b8c0       0x4c ./USB_DEVICE/Target/usbd_conf.o
                0x000000000800b8c0                HAL_PCD_SuspendCallback
 .text.HAL_PCD_ResumeCallback
                0x000000000800b90c       0x1c ./USB_DEVICE/Target/usbd_conf.o
                0x000000000800b90c                HAL_PCD_ResumeCallback
 .text.HAL_PCD_ISOOUTIncompleteCallback
                0x000000000800b928       0x24 ./USB_DEVICE/Target/usbd_conf.o
                0x000000000800b928                HAL_PCD_ISOOUTIncompleteCallback
 .text.HAL_PCD_ISOINIncompleteCallback
                0x000000000800b94c       0x24 ./USB_DEVICE/Target/usbd_conf.o
                0x000000000800b94c                HAL_PCD_ISOINIncompleteCallback
 .text.HAL_PCD_ConnectCallback
                0x000000000800b970       0x1c ./USB_DEVICE/Target/usbd_conf.o
                0x000000000800b970                HAL_PCD_ConnectCallback
 .text.HAL_PCD_DisconnectCallback
                0x000000000800b98c       0x1c ./USB_DEVICE/Target/usbd_conf.o
                0x000000000800b98c                HAL_PCD_DisconnectCallback
 .text.USBD_LL_Init
                0x000000000800b9a8       0xa4 ./USB_DEVICE/Target/usbd_conf.o
                0x000000000800b9a8                USBD_LL_Init
 .text.USBD_LL_Start
                0x000000000800ba4c       0x36 ./USB_DEVICE/Target/usbd_conf.o
                0x000000000800ba4c                USBD_LL_Start
 .text.USBD_LL_OpenEP
                0x000000000800ba82       0x4c ./USB_DEVICE/Target/usbd_conf.o
                0x000000000800ba82                USBD_LL_OpenEP
 .text.USBD_LL_CloseEP
                0x000000000800bace       0x3e ./USB_DEVICE/Target/usbd_conf.o
                0x000000000800bace                USBD_LL_CloseEP
 .text.USBD_LL_StallEP
                0x000000000800bb0c       0x3e ./USB_DEVICE/Target/usbd_conf.o
                0x000000000800bb0c                USBD_LL_StallEP
 .text.USBD_LL_ClearStallEP
                0x000000000800bb4a       0x3e ./USB_DEVICE/Target/usbd_conf.o
                0x000000000800bb4a                USBD_LL_ClearStallEP
 .text.USBD_LL_IsStallEP
                0x000000000800bb88       0x58 ./USB_DEVICE/Target/usbd_conf.o
                0x000000000800bb88                USBD_LL_IsStallEP
 .text.USBD_LL_SetUSBAddress
                0x000000000800bbe0       0x3e ./USB_DEVICE/Target/usbd_conf.o
                0x000000000800bbe0                USBD_LL_SetUSBAddress
 .text.USBD_LL_Transmit
                0x000000000800bc1e       0x42 ./USB_DEVICE/Target/usbd_conf.o
                0x000000000800bc1e                USBD_LL_Transmit
 .text.USBD_LL_PrepareReceive
                0x000000000800bc60       0x42 ./USB_DEVICE/Target/usbd_conf.o
                0x000000000800bc60                USBD_LL_PrepareReceive
 .text.USBD_LL_GetRxDataSize
                0x000000000800bca2       0x26 ./USB_DEVICE/Target/usbd_conf.o
                0x000000000800bca2                USBD_LL_GetRxDataSize
 .text.USBD_static_malloc
                0x000000000800bcc8       0x1c ./USB_DEVICE/Target/usbd_conf.o
                0x000000000800bcc8                USBD_static_malloc
 .text.USBD_static_free
                0x000000000800bce4       0x14 ./USB_DEVICE/Target/usbd_conf.o
                0x000000000800bce4                USBD_static_free
 .text.USBD_Get_USB_Status
                0x000000000800bcf8       0x58 ./USB_DEVICE/Target/usbd_conf.o
                0x000000000800bcf8                USBD_Get_USB_Status
 .text.__errno  0x000000000800bd50        0xc c:/st/stm32cubeide_1.9.0/stm32cubeide/plugins/com.st.stm32cube.ide.mcu.externaltools.gnu-tools-for-stm32.10.3-2021.10.win32_1.0.0.202111181127/tools/bin/../lib/gcc/arm-none-eabi/10.3.1/../../../../arm-none-eabi/lib/thumb/v7e-m+fp/hard\libc_nano.a(lib_a-errno.o)
                0x000000000800bd50                __errno
 .text.__libc_init_array
                0x000000000800bd5c       0x48 c:/st/stm32cubeide_1.9.0/stm32cubeide/plugins/com.st.stm32cube.ide.mcu.externaltools.gnu-tools-for-stm32.10.3-2021.10.win32_1.0.0.202111181127/tools/bin/../lib/gcc/arm-none-eabi/10.3.1/../../../../arm-none-eabi/lib/thumb/v7e-m+fp/hard\libc_nano.a(lib_a-init.o)
                0x000000000800bd5c                __libc_init_array
 .text.memcpy   0x000000000800bda4       0x1c c:/st/stm32cubeide_1.9.0/stm32cubeide/plugins/com.st.stm32cube.ide.mcu.externaltools.gnu-tools-for-stm32.10.3-2021.10.win32_1.0.0.202111181127/tools/bin/../lib/gcc/arm-none-eabi/10.3.1/../../../../arm-none-eabi/lib/thumb/v7e-m+fp/hard\libc_nano.a(lib_a-memcpy-stub.o)
                0x000000000800bda4                memcpy
 .text.memset   0x000000000800bdc0       0x10 c:/st/stm32cubeide_1.9.0/stm32cubeide/plugins/com.st.stm32cube.ide.mcu.externaltools.gnu-tools-for-stm32.10.3-2021.10.win32_1.0.0.202111181127/tools/bin/../lib/gcc/arm-none-eabi/10.3.1/../../../../arm-none-eabi/lib/thumb/v7e-m+fp/hard\libc_nano.a(lib_a-memset.o)
                0x000000000800bdc0                memset
 .text._puts_r  0x000000000800bdd0       0xdc c:/st/stm32cubeide_1.9.0/stm32cubeide/plugins/com.st.stm32cube.ide.mcu.externaltools.gnu-tools-for-stm32.10.3-2021.10.win32_1.0.0.202111181127/tools/bin/../lib/gcc/arm-none-eabi/10.3.1/../../../../arm-none-eabi/lib/thumb/v7e-m+fp/hard\libc_nano.a(lib_a-puts.o)
                0x000000000800bdd0                _puts_r
 .text.puts     0x000000000800beac       0x10 c:/st/stm32cubeide_1.9.0/stm32cubeide/plugins/com.st.stm32cube.ide.mcu.externaltools.gnu-tools-for-stm32.10.3-2021.10.win32_1.0.0.202111181127/tools/bin/../lib/gcc/arm-none-eabi/10.3.1/../../../../arm-none-eabi/lib/thumb/v7e-m+fp/hard\libc_nano.a(lib_a-puts.o)
                0x000000000800beac                puts
 .text.setvbuf  0x000000000800bebc      0x18c c:/st/stm32cubeide_1.9.0/stm32cubeide/plugins/com.st.stm32cube.ide.mcu.externaltools.gnu-tools-for-stm32.10.3-2021.10.win32_1.0.0.202111181127/tools/bin/../lib/gcc/arm-none-eabi/10.3.1/../../../../arm-none-eabi/lib/thumb/v7e-m+fp/hard\libc_nano.a(lib_a-setvbuf.o)
                0x000000000800bebc                setvbuf
 .text.__swbuf_r
                0x000000000800c048       0xa4 c:/st/stm32cubeide_1.9.0/stm32cubeide/plugins/com.st.stm32cube.ide.mcu.externaltools.gnu-tools-for-stm32.10.3-2021.10.win32_1.0.0.202111181127/tools/bin/../lib/gcc/arm-none-eabi/10.3.1/../../../../arm-none-eabi/lib/thumb/v7e-m+fp/hard\libc_nano.a(lib_a-wbuf.o)
                0x000000000800c048                __swbuf_r
 .text.__swsetup_r
                0x000000000800c0ec       0xdc c:/st/stm32cubeide_1.9.0/stm32cubeide/plugins/com.st.stm32cube.ide.mcu.externaltools.gnu-tools-for-stm32.10.3-2021.10.win32_1.0.0.202111181127/tools/bin/../lib/gcc/arm-none-eabi/10.3.1/../../../../arm-none-eabi/lib/thumb/v7e-m+fp/hard\libc_nano.a(lib_a-wsetup.o)
                0x000000000800c0ec                __swsetup_r
 .text.__sflush_r
                0x000000000800c1c8      0x10c c:/st/stm32cubeide_1.9.0/stm32cubeide/plugins/com.st.stm32cube.ide.mcu.externaltools.gnu-tools-for-stm32.10.3-2021.10.win32_1.0.0.202111181127/tools/bin/../lib/gcc/arm-none-eabi/10.3.1/../../../../arm-none-eabi/lib/thumb/v7e-m+fp/hard\libc_nano.a(lib_a-fflush.o)
                0x000000000800c1c8                __sflush_r
 .text._fflush_r
                0x000000000800c2d4       0x78 c:/st/stm32cubeide_1.9.0/stm32cubeide/plugins/com.st.stm32cube.ide.mcu.externaltools.gnu-tools-for-stm32.10.3-2021.10.win32_1.0.0.202111181127/tools/bin/../lib/gcc/arm-none-eabi/10.3.1/../../../../arm-none-eabi/lib/thumb/v7e-m+fp/hard\libc_nano.a(lib_a-fflush.o)
                0x000000000800c2d4                _fflush_r
 .text.std      0x000000000800c34c       0x48 c:/st/stm32cubeide_1.9.0/stm32cubeide/plugins/com.st.stm32cube.ide.mcu.externaltools.gnu-tools-for-stm32.10.3-2021.10.win32_1.0.0.202111181127/tools/bin/../lib/gcc/arm-none-eabi/10.3.1/../../../../arm-none-eabi/lib/thumb/v7e-m+fp/hard\libc_nano.a(lib_a-findfp.o)
 .text._cleanup_r
                0x000000000800c394        0xc c:/st/stm32cubeide_1.9.0/stm32cubeide/plugins/com.st.stm32cube.ide.mcu.externaltools.gnu-tools-for-stm32.10.3-2021.10.win32_1.0.0.202111181127/tools/bin/../lib/gcc/arm-none-eabi/10.3.1/../../../../arm-none-eabi/lib/thumb/v7e-m+fp/hard\libc_nano.a(lib_a-findfp.o)
                0x000000000800c394                _cleanup_r
 .text.__sfmoreglue
                0x000000000800c3a0       0x2c c:/st/stm32cubeide_1.9.0/stm32cubeide/plugins/com.st.stm32cube.ide.mcu.externaltools.gnu-tools-for-stm32.10.3-2021.10.win32_1.0.0.202111181127/tools/bin/../lib/gcc/arm-none-eabi/10.3.1/../../../../arm-none-eabi/lib/thumb/v7e-m+fp/hard\libc_nano.a(lib_a-findfp.o)
                0x000000000800c3a0                __sfmoreglue
 .text.__sfp_lock_acquire
                0x000000000800c3cc        0xc c:/st/stm32cubeide_1.9.0/stm32cubeide/plugins/com.st.stm32cube.ide.mcu.externaltools.gnu-tools-for-stm32.10.3-2021.10.win32_1.0.0.202111181127/tools/bin/../lib/gcc/arm-none-eabi/10.3.1/../../../../arm-none-eabi/lib/thumb/v7e-m+fp/hard\libc_nano.a(lib_a-findfp.o)
                0x000000000800c3cc                __sfp_lock_acquire
 .text.__sfp_lock_release
                0x000000000800c3d8        0xc c:/st/stm32cubeide_1.9.0/stm32cubeide/plugins/com.st.stm32cube.ide.mcu.externaltools.gnu-tools-for-stm32.10.3-2021.10.win32_1.0.0.202111181127/tools/bin/../lib/gcc/arm-none-eabi/10.3.1/../../../../arm-none-eabi/lib/thumb/v7e-m+fp/hard\libc_nano.a(lib_a-findfp.o)
                0x000000000800c3d8                __sfp_lock_release
 .text.__sinit_lock_acquire
                0x000000000800c3e4        0xc c:/st/stm32cubeide_1.9.0/stm32cubeide/plugins/com.st.stm32cube.ide.mcu.externaltools.gnu-tools-for-stm32.10.3-2021.10.win32_1.0.0.202111181127/tools/bin/../lib/gcc/arm-none-eabi/10.3.1/../../../../arm-none-eabi/lib/thumb/v7e-m+fp/hard\libc_nano.a(lib_a-findfp.o)
                0x000000000800c3e4                __sinit_lock_acquire
 .text.__sinit_lock_release
                0x000000000800c3f0        0xc c:/st/stm32cubeide_1.9.0/stm32cubeide/plugins/com.st.stm32cube.ide.mcu.externaltools.gnu-tools-for-stm32.10.3-2021.10.win32_1.0.0.202111181127/tools/bin/../lib/gcc/arm-none-eabi/10.3.1/../../../../arm-none-eabi/lib/thumb/v7e-m+fp/hard\libc_nano.a(lib_a-findfp.o)
                0x000000000800c3f0                __sinit_lock_release
 .text.__sinit  0x000000000800c3fc       0x70 c:/st/stm32cubeide_1.9.0/stm32cubeide/plugins/com.st.stm32cube.ide.mcu.externaltools.gnu-tools-for-stm32.10.3-2021.10.win32_1.0.0.202111181127/tools/bin/../lib/gcc/arm-none-eabi/10.3.1/../../../../arm-none-eabi/lib/thumb/v7e-m+fp/hard\libc_nano.a(lib_a-findfp.o)
                0x000000000800c3fc                __sinit
 .text.__sfp    0x000000000800c46c       0x8c c:/st/stm32cubeide_1.9.0/stm32cubeide/plugins/com.st.stm32cube.ide.mcu.externaltools.gnu-tools-for-stm32.10.3-2021.10.win32_1.0.0.202111181127/tools/bin/../lib/gcc/arm-none-eabi/10.3.1/../../../../arm-none-eabi/lib/thumb/v7e-m+fp/hard\libc_nano.a(lib_a-findfp.o)
                0x000000000800c46c                __sfp
 .text._fwalk_reent
                0x000000000800c4f8       0x3e c:/st/stm32cubeide_1.9.0/stm32cubeide/plugins/com.st.stm32cube.ide.mcu.externaltools.gnu-tools-for-stm32.10.3-2021.10.win32_1.0.0.202111181127/tools/bin/../lib/gcc/arm-none-eabi/10.3.1/../../../../arm-none-eabi/lib/thumb/v7e-m+fp/hard\libc_nano.a(lib_a-fwalk.o)
                0x000000000800c4f8                _fwalk_reent
 .text.__retarget_lock_init_recursive
                0x000000000800c536        0x2 c:/st/stm32cubeide_1.9.0/stm32cubeide/plugins/com.st.stm32cube.ide.mcu.externaltools.gnu-tools-for-stm32.10.3-2021.10.win32_1.0.0.202111181127/tools/bin/../lib/gcc/arm-none-eabi/10.3.1/../../../../arm-none-eabi/lib/thumb/v7e-m+fp/hard\libc_nano.a(lib_a-lock.o)
                0x000000000800c536                __retarget_lock_init_recursive
 .text.__retarget_lock_acquire_recursive
                0x000000000800c538        0x2 c:/st/stm32cubeide_1.9.0/stm32cubeide/plugins/com.st.stm32cube.ide.mcu.externaltools.gnu-tools-for-stm32.10.3-2021.10.win32_1.0.0.202111181127/tools/bin/../lib/gcc/arm-none-eabi/10.3.1/../../../../arm-none-eabi/lib/thumb/v7e-m+fp/hard\libc_nano.a(lib_a-lock.o)
                0x000000000800c538                __retarget_lock_acquire_recursive
 .text.__retarget_lock_release_recursive
                0x000000000800c53a        0x2 c:/st/stm32cubeide_1.9.0/stm32cubeide/plugins/com.st.stm32cube.ide.mcu.externaltools.gnu-tools-for-stm32.10.3-2021.10.win32_1.0.0.202111181127/tools/bin/../lib/gcc/arm-none-eabi/10.3.1/../../../../arm-none-eabi/lib/thumb/v7e-m+fp/hard\libc_nano.a(lib_a-lock.o)
                0x000000000800c53a                __retarget_lock_release_recursive
 .text.__swhatbuf_r
                0x000000000800c53c       0x4a c:/st/stm32cubeide_1.9.0/stm32cubeide/plugins/com.st.stm32cube.ide.mcu.externaltools.gnu-tools-for-stm32.10.3-2021.10.win32_1.0.0.202111181127/tools/bin/../lib/gcc/arm-none-eabi/10.3.1/../../../../arm-none-eabi/lib/thumb/v7e-m+fp/hard\libc_nano.a(lib_a-makebuf.o)
                0x000000000800c53c                __swhatbuf_r
 *fill*         0x000000000800c586        0x2 
 .text.__smakebuf_r
                0x000000000800c588       0x80 c:/st/stm32cubeide_1.9.0/stm32cubeide/plugins/com.st.stm32cube.ide.mcu.externaltools.gnu-tools-for-stm32.10.3-2021.10.win32_1.0.0.202111181127/tools/bin/../lib/gcc/arm-none-eabi/10.3.1/../../../../arm-none-eabi/lib/thumb/v7e-m+fp/hard\libc_nano.a(lib_a-makebuf.o)
                0x000000000800c588                __smakebuf_r
 .text.malloc   0x000000000800c608       0x10 c:/st/stm32cubeide_1.9.0/stm32cubeide/plugins/com.st.stm32cube.ide.mcu.externaltools.gnu-tools-for-stm32.10.3-2021.10.win32_1.0.0.202111181127/tools/bin/../lib/gcc/arm-none-eabi/10.3.1/../../../../arm-none-eabi/lib/thumb/v7e-m+fp/hard\libc_nano.a(lib_a-malloc.o)
                0x000000000800c608                malloc
 .text._free_r  0x000000000800c618       0x98 c:/st/stm32cubeide_1.9.0/stm32cubeide/plugins/com.st.stm32cube.ide.mcu.externaltools.gnu-tools-for-stm32.10.3-2021.10.win32_1.0.0.202111181127/tools/bin/../lib/gcc/arm-none-eabi/10.3.1/../../../../arm-none-eabi/lib/thumb/v7e-m+fp/hard\libc_nano.a(lib_a-nano-freer.o)
                0x000000000800c618                _free_r
 .text.sbrk_aligned
                0x000000000800c6b0       0x40 c:/st/stm32cubeide_1.9.0/stm32cubeide/plugins/com.st.stm32cube.ide.mcu.externaltools.gnu-tools-for-stm32.10.3-2021.10.win32_1.0.0.202111181127/tools/bin/../lib/gcc/arm-none-eabi/10.3.1/../../../../arm-none-eabi/lib/thumb/v7e-m+fp/hard\libc_nano.a(lib_a-nano-mallocr.o)
 .text._malloc_r
                0x000000000800c6f0       0xe8 c:/st/stm32cubeide_1.9.0/stm32cubeide/plugins/com.st.stm32cube.ide.mcu.externaltools.gnu-tools-for-stm32.10.3-2021.10.win32_1.0.0.202111181127/tools/bin/../lib/gcc/arm-none-eabi/10.3.1/../../../../arm-none-eabi/lib/thumb/v7e-m+fp/hard\libc_nano.a(lib_a-nano-mallocr.o)
                0x000000000800c6f0                _malloc_r
 .text._sbrk_r  0x000000000800c7d8       0x20 c:/st/stm32cubeide_1.9.0/stm32cubeide/plugins/com.st.stm32cube.ide.mcu.externaltools.gnu-tools-for-stm32.10.3-2021.10.win32_1.0.0.202111181127/tools/bin/../lib/gcc/arm-none-eabi/10.3.1/../../../../arm-none-eabi/lib/thumb/v7e-m+fp/hard\libc_nano.a(lib_a-sbrkr.o)
                0x000000000800c7d8                _sbrk_r
 .text.__sread  0x000000000800c7f8       0x22 c:/st/stm32cubeide_1.9.0/stm32cubeide/plugins/com.st.stm32cube.ide.mcu.externaltools.gnu-tools-for-stm32.10.3-2021.10.win32_1.0.0.202111181127/tools/bin/../lib/gcc/arm-none-eabi/10.3.1/../../../../arm-none-eabi/lib/thumb/v7e-m+fp/hard\libc_nano.a(lib_a-stdio.o)
                0x000000000800c7f8                __sread
 .text.__swrite
                0x000000000800c81a       0x38 c:/st/stm32cubeide_1.9.0/stm32cubeide/plugins/com.st.stm32cube.ide.mcu.externaltools.gnu-tools-for-stm32.10.3-2021.10.win32_1.0.0.202111181127/tools/bin/../lib/gcc/arm-none-eabi/10.3.1/../../../../arm-none-eabi/lib/thumb/v7e-m+fp/hard\libc_nano.a(lib_a-stdio.o)
                0x000000000800c81a                __swrite
 .text.__sseek  0x000000000800c852       0x24 c:/st/stm32cubeide_1.9.0/stm32cubeide/plugins/com.st.stm32cube.ide.mcu.externaltools.gnu-tools-for-stm32.10.3-2021.10.win32_1.0.0.202111181127/tools/bin/../lib/gcc/arm-none-eabi/10.3.1/../../../../arm-none-eabi/lib/thumb/v7e-m+fp/hard\libc_nano.a(lib_a-stdio.o)
                0x000000000800c852                __sseek
 .text.__sclose
                0x000000000800c876        0x8 c:/st/stm32cubeide_1.9.0/stm32cubeide/plugins/com.st.stm32cube.ide.mcu.externaltools.gnu-tools-for-stm32.10.3-2021.10.win32_1.0.0.202111181127/tools/bin/../lib/gcc/arm-none-eabi/10.3.1/../../../../arm-none-eabi/lib/thumb/v7e-m+fp/hard\libc_nano.a(lib_a-stdio.o)
                0x000000000800c876                __sclose
 *fill*         0x000000000800c87e        0x2 
 .text._write_r
                0x000000000800c880       0x24 c:/st/stm32cubeide_1.9.0/stm32cubeide/plugins/com.st.stm32cube.ide.mcu.externaltools.gnu-tools-for-stm32.10.3-2021.10.win32_1.0.0.202111181127/tools/bin/../lib/gcc/arm-none-eabi/10.3.1/../../../../arm-none-eabi/lib/thumb/v7e-m+fp/hard\libc_nano.a(lib_a-writer.o)
                0x000000000800c880                _write_r
 .text._close_r
                0x000000000800c8a4       0x20 c:/st/stm32cubeide_1.9.0/stm32cubeide/plugins/com.st.stm32cube.ide.mcu.externaltools.gnu-tools-for-stm32.10.3-2021.10.win32_1.0.0.202111181127/tools/bin/../lib/gcc/arm-none-eabi/10.3.1/../../../../arm-none-eabi/lib/thumb/v7e-m+fp/hard\libc_nano.a(lib_a-closer.o)
                0x000000000800c8a4                _close_r
 .text._fstat_r
                0x000000000800c8c4       0x24 c:/st/stm32cubeide_1.9.0/stm32cubeide/plugins/com.st.stm32cube.ide.mcu.externaltools.gnu-tools-for-stm32.10.3-2021.10.win32_1.0.0.202111181127/tools/bin/../lib/gcc/arm-none-eabi/10.3.1/../../../../arm-none-eabi/lib/thumb/v7e-m+fp/hard\libc_nano.a(lib_a-fstatr.o)
                0x000000000800c8c4                _fstat_r
 .text._isatty_r
                0x000000000800c8e8       0x20 c:/st/stm32cubeide_1.9.0/stm32cubeide/plugins/com.st.stm32cube.ide.mcu.externaltools.gnu-tools-for-stm32.10.3-2021.10.win32_1.0.0.202111181127/tools/bin/../lib/gcc/arm-none-eabi/10.3.1/../../../../arm-none-eabi/lib/thumb/v7e-m+fp/hard\libc_nano.a(lib_a-isattyr.o)
                0x000000000800c8e8                _isatty_r
 .text._lseek_r
                0x000000000800c908       0x24 c:/st/stm32cubeide_1.9.0/stm32cubeide/plugins/com.st.stm32cube.ide.mcu.externaltools.gnu-tools-for-stm32.10.3-2021.10.win32_1.0.0.202111181127/tools/bin/../lib/gcc/arm-none-eabi/10.3.1/../../../../arm-none-eabi/lib/thumb/v7e-m+fp/hard\libc_nano.a(lib_a-lseekr.o)
                0x000000000800c908                _lseek_r
 .text.__malloc_lock
                0x000000000800c92c        0xc c:/st/stm32cubeide_1.9.0/stm32cubeide/plugins/com.st.stm32cube.ide.mcu.externaltools.gnu-tools-for-stm32.10.3-2021.10.win32_1.0.0.202111181127/tools/bin/../lib/gcc/arm-none-eabi/10.3.1/../../../../arm-none-eabi/lib/thumb/v7e-m+fp/hard\libc_nano.a(lib_a-mlock.o)
                0x000000000800c92c                __malloc_lock
 .text.__malloc_unlock
                0x000000000800c938        0xc c:/st/stm32cubeide_1.9.0/stm32cubeide/plugins/com.st.stm32cube.ide.mcu.externaltools.gnu-tools-for-stm32.10.3-2021.10.win32_1.0.0.202111181127/tools/bin/../lib/gcc/arm-none-eabi/10.3.1/../../../../arm-none-eabi/lib/thumb/v7e-m+fp/hard\libc_nano.a(lib_a-mlock.o)
                0x000000000800c938                __malloc_unlock
 .text._read_r  0x000000000800c944       0x24 c:/st/stm32cubeide_1.9.0/stm32cubeide/plugins/com.st.stm32cube.ide.mcu.externaltools.gnu-tools-for-stm32.10.3-2021.10.win32_1.0.0.202111181127/tools/bin/../lib/gcc/arm-none-eabi/10.3.1/../../../../arm-none-eabi/lib/thumb/v7e-m+fp/hard\libc_nano.a(lib_a-readr.o)
                0x000000000800c944                _read_r
 *(.glue_7)
 .glue_7        0x000000000800c968        0x0 linker stubs
 *(.glue_7t)
 .glue_7t       0x000000000800c968        0x0 linker stubs
 *(.eh_frame)
 .eh_frame      0x000000000800c968        0x0 c:/st/stm32cubeide_1.9.0/stm32cubeide/plugins/com.st.stm32cube.ide.mcu.externaltools.gnu-tools-for-stm32.10.3-2021.10.win32_1.0.0.202111181127/tools/bin/../lib/gcc/arm-none-eabi/10.3.1/thumb/v7e-m+fp/hard/crtbegin.o
 *(.init)
 .init          0x000000000800c968        0x4 c:/st/stm32cubeide_1.9.0/stm32cubeide/plugins/com.st.stm32cube.ide.mcu.externaltools.gnu-tools-for-stm32.10.3-2021.10.win32_1.0.0.202111181127/tools/bin/../lib/gcc/arm-none-eabi/10.3.1/thumb/v7e-m+fp/hard/crti.o
                0x000000000800c968                _init
 .init          0x000000000800c96c        0x8 c:/st/stm32cubeide_1.9.0/stm32cubeide/plugins/com.st.stm32cube.ide.mcu.externaltools.gnu-tools-for-stm32.10.3-2021.10.win32_1.0.0.202111181127/tools/bin/../lib/gcc/arm-none-eabi/10.3.1/thumb/v7e-m+fp/hard/crtn.o
 *(.fini)
 .fini          0x000000000800c974        0x4 c:/st/stm32cubeide_1.9.0/stm32cubeide/plugins/com.st.stm32cube.ide.mcu.externaltools.gnu-tools-for-stm32.10.3-2021.10.win32_1.0.0.202111181127/tools/bin/../lib/gcc/arm-none-eabi/10.3.1/thumb/v7e-m+fp/hard/crti.o
                0x000000000800c974                _fini
 .fini          0x000000000800c978        0x8 c:/st/stm32cubeide_1.9.0/stm32cubeide/plugins/com.st.stm32cube.ide.mcu.externaltools.gnu-tools-for-stm32.10.3-2021.10.win32_1.0.0.202111181127/tools/bin/../lib/gcc/arm-none-eabi/10.3.1/thumb/v7e-m+fp/hard/crtn.o
                0x000000000800c980                . = ALIGN (0x4)
                0x000000000800c980                _etext = .

.vfp11_veneer   0x000000000800c980        0x0
 .vfp11_veneer  0x000000000800c980        0x0 linker stubs

.v4_bx          0x000000000800c980        0x0
 .v4_bx         0x000000000800c980        0x0 linker stubs

.iplt           0x000000000800c980        0x0
 .iplt          0x000000000800c980        0x0 c:/st/stm32cubeide_1.9.0/stm32cubeide/plugins/com.st.stm32cube.ide.mcu.externaltools.gnu-tools-for-stm32.10.3-2021.10.win32_1.0.0.202111181127/tools/bin/../lib/gcc/arm-none-eabi/10.3.1/thumb/v7e-m+fp/hard/crtbegin.o

.rodata         0x000000000800c980      0x100
                0x000000000800c980                . = ALIGN (0x4)
 *(.rodata)
 .rodata        0x000000000800c980       0x32 ./Core/Src/main.o
 *fill*         0x000000000800c9b2        0x2 
 .rodata        0x000000000800c9b4       0x46 ./USB_DEVICE/App/usbd_desc.o
 *(.rodata*)
 *fill*         0x000000000800c9fa        0x2 
 .rodata.AHBPrescTable
                0x000000000800c9fc       0x10 ./Core/Src/system_stm32f4xx.o
                0x000000000800c9fc                AHBPrescTable
 .rodata.APBPrescTable
                0x000000000800ca0c        0x8 ./Core/Src/system_stm32f4xx.o
                0x000000000800ca0c                APBPrescTable
 .rodata.flagBitshiftOffset.0
                0x000000000800ca14        0x8 ./Drivers/STM32F4xx_HAL_Driver/Src/stm32f4xx_hal_dma.o
 .rodata._global_impure_ptr
                0x000000000800ca1c        0x4 c:/st/stm32cubeide_1.9.0/stm32cubeide/plugins/com.st.stm32cube.ide.mcu.externaltools.gnu-tools-for-stm32.10.3-2021.10.win32_1.0.0.202111181127/tools/bin/../lib/gcc/arm-none-eabi/10.3.1/../../../../arm-none-eabi/lib/thumb/v7e-m+fp/hard\libc_nano.a(lib_a-impure.o)
                0x000000000800ca1c                _global_impure_ptr
 .rodata.__sf_fake_stderr
                0x000000000800ca20       0x20 c:/st/stm32cubeide_1.9.0/stm32cubeide/plugins/com.st.stm32cube.ide.mcu.externaltools.gnu-tools-for-stm32.10.3-2021.10.win32_1.0.0.202111181127/tools/bin/../lib/gcc/arm-none-eabi/10.3.1/../../../../arm-none-eabi/lib/thumb/v7e-m+fp/hard\libc_nano.a(lib_a-findfp.o)
                0x000000000800ca20                __sf_fake_stderr
 .rodata.__sf_fake_stdin
                0x000000000800ca40       0x20 c:/st/stm32cubeide_1.9.0/stm32cubeide/plugins/com.st.stm32cube.ide.mcu.externaltools.gnu-tools-for-stm32.10.3-2021.10.win32_1.0.0.202111181127/tools/bin/../lib/gcc/arm-none-eabi/10.3.1/../../../../arm-none-eabi/lib/thumb/v7e-m+fp/hard\libc_nano.a(lib_a-findfp.o)
                0x000000000800ca40                __sf_fake_stdin
 .rodata.__sf_fake_stdout
                0x000000000800ca60       0x20 c:/st/stm32cubeide_1.9.0/stm32cubeide/plugins/com.st.stm32cube.ide.mcu.externaltools.gnu-tools-for-stm32.10.3-2021.10.win32_1.0.0.202111181127/tools/bin/../lib/gcc/arm-none-eabi/10.3.1/../../../../arm-none-eabi/lib/thumb/v7e-m+fp/hard\libc_nano.a(lib_a-findfp.o)
                0x000000000800ca60                __sf_fake_stdout
                0x000000000800ca80                . = ALIGN (0x4)

.ARM.extab      0x000000000800ca80        0x0
                0x000000000800ca80                . = ALIGN (0x4)
 *(.ARM.extab* .gnu.linkonce.armextab.*)
                0x000000000800ca80                . = ALIGN (0x4)

.ARM            0x000000000800ca80        0x8
                0x000000000800ca80                . = ALIGN (0x4)
                0x000000000800ca80                __exidx_start = .
 *(.ARM.exidx*)
 .ARM.exidx     0x000000000800ca80        0x8 c:/st/stm32cubeide_1.9.0/stm32cubeide/plugins/com.st.stm32cube.ide.mcu.externaltools.gnu-tools-for-stm32.10.3-2021.10.win32_1.0.0.202111181127/tools/bin/../lib/gcc/arm-none-eabi/10.3.1/thumb/v7e-m+fp/hard\libgcc.a(_udivmoddi4.o)
                0x000000000800ca88                __exidx_end = .
                0x000000000800ca88                . = ALIGN (0x4)

.rel.dyn        0x000000000800ca88        0x0
 .rel.iplt      0x000000000800ca88        0x0 c:/st/stm32cubeide_1.9.0/stm32cubeide/plugins/com.st.stm32cube.ide.mcu.externaltools.gnu-tools-for-stm32.10.3-2021.10.win32_1.0.0.202111181127/tools/bin/../lib/gcc/arm-none-eabi/10.3.1/thumb/v7e-m+fp/hard/crtbegin.o

.preinit_array  0x000000000800ca88        0x0
                0x000000000800ca88                . = ALIGN (0x4)
                0x000000000800ca88                PROVIDE (__preinit_array_start = .)
 *(.preinit_array*)
                0x000000000800ca88                PROVIDE (__preinit_array_end = .)
                0x000000000800ca88                . = ALIGN (0x4)

.init_array     0x000000000800ca88        0x4
                0x000000000800ca88                . = ALIGN (0x4)
                0x000000000800ca88                PROVIDE (__init_array_start = .)
 *(SORT_BY_NAME(.init_array.*))
 *(.init_array*)
 .init_array    0x000000000800ca88        0x4 c:/st/stm32cubeide_1.9.0/stm32cubeide/plugins/com.st.stm32cube.ide.mcu.externaltools.gnu-tools-for-stm32.10.3-2021.10.win32_1.0.0.202111181127/tools/bin/../lib/gcc/arm-none-eabi/10.3.1/thumb/v7e-m+fp/hard/crtbegin.o
                0x000000000800ca8c                PROVIDE (__init_array_end = .)
                0x000000000800ca8c                . = ALIGN (0x4)

.fini_array     0x000000000800ca8c        0x4
                0x000000000800ca8c                . = ALIGN (0x4)
                [!provide]                        PROVIDE (__fini_array_start = .)
 *(SORT_BY_NAME(.fini_array.*))
 *(.fini_array*)
 .fini_array    0x000000000800ca8c        0x4 c:/st/stm32cubeide_1.9.0/stm32cubeide/plugins/com.st.stm32cube.ide.mcu.externaltools.gnu-tools-for-stm32.10.3-2021.10.win32_1.0.0.202111181127/tools/bin/../lib/gcc/arm-none-eabi/10.3.1/thumb/v7e-m+fp/hard/crtbegin.o
                [!provide]                        PROVIDE (__fini_array_end = .)
                0x000000000800ca90                . = ALIGN (0x4)
                0x000000000800ca90                _sidata = LOADADDR (.data)

.data           0x0000000020000000      0x170 load address 0x000000000800ca90
                0x0000000020000000                . = ALIGN (0x4)
                0x0000000020000000                _sdata = .
 *(.data)
 *(.data*)
 .data.USB_UART
                0x0000000020000000        0x4 ./Core/Src/main.o
                0x0000000020000000                USB_UART
 .data.RF_SPI   0x0000000020000004        0x4 ./Core/Src/main.o
                0x0000000020000004                RF_SPI
 .data.Poll_Timer
                0x0000000020000008        0x4 ./Core/Src/main.o
                0x0000000020000008                Poll_Timer
 .data.UART_PACKET_SIZE
                0x000000002000000c        0x1 ./Core/Src/main.o
                0x000000002000000c                UART_PACKET_SIZE
 *fill*         0x000000002000000d        0x3 
 .data.SystemCoreClock
                0x0000000020000010        0x4 ./Core/Src/system_stm32f4xx.o
                0x0000000020000010                SystemCoreClock
 .data.uwTickPrio
                0x0000000020000014        0x4 ./Drivers/STM32F4xx_HAL_Driver/Src/stm32f4xx_hal.o
                0x0000000020000014                uwTickPrio
 .data.uwTickFreq
                0x0000000020000018        0x1 ./Drivers/STM32F4xx_HAL_Driver/Src/stm32f4xx_hal.o
                0x0000000020000018                uwTickFreq
 *fill*         0x0000000020000019        0x3 
 .data.USBD_CDC_DeviceQualifierDesc
                0x000000002000001c        0xa ./Middlewares/ST/STM32_USB_Device_Library/Class/CDC/Src/usbd_cdc.o
 *fill*         0x0000000020000026        0x2 
 .data.USBD_CDC
                0x0000000020000028       0x38 ./Middlewares/ST/STM32_USB_Device_Library/Class/CDC/Src/usbd_cdc.o
                0x0000000020000028                USBD_CDC
 .data.USBD_CDC_CfgDesc
                0x0000000020000060       0x43 ./Middlewares/ST/STM32_USB_Device_Library/Class/CDC/Src/usbd_cdc.o
 .data.CDCInEpAdd
                0x00000000200000a3        0x1 ./Middlewares/ST/STM32_USB_Device_Library/Class/CDC/Src/usbd_cdc.o
 .data.CDCOutEpAdd
                0x00000000200000a4        0x1 ./Middlewares/ST/STM32_USB_Device_Library/Class/CDC/Src/usbd_cdc.o
 .data.CDCCmdEpAdd
                0x00000000200000a5        0x1 ./Middlewares/ST/STM32_USB_Device_Library/Class/CDC/Src/usbd_cdc.o
 *fill*         0x00000000200000a6        0x2 
 .data.USBD_Interface_fops_HS
                0x00000000200000a8       0x14 ./USB_DEVICE/App/usbd_cdc_if.o
                0x00000000200000a8                USBD_Interface_fops_HS
 .data.HS_Desc  0x00000000200000bc       0x1c ./USB_DEVICE/App/usbd_desc.o
                0x00000000200000bc                HS_Desc
 .data.USBD_HS_DeviceDesc
                0x00000000200000d8       0x12 ./USB_DEVICE/App/usbd_desc.o
                0x00000000200000d8                USBD_HS_DeviceDesc
 *fill*         0x00000000200000ea        0x2 
 .data.USBD_LangIDDesc
                0x00000000200000ec        0x4 ./USB_DEVICE/App/usbd_desc.o
                0x00000000200000ec                USBD_LangIDDesc
 .data.USBD_StringSerial
                0x00000000200000f0       0x1a ./USB_DEVICE/App/usbd_desc.o
                0x00000000200000f0                USBD_StringSerial
 *fill*         0x000000002000010a        0x2 
 .data._impure_ptr
                0x000000002000010c        0x4 c:/st/stm32cubeide_1.9.0/stm32cubeide/plugins/com.st.stm32cube.ide.mcu.externaltools.gnu-tools-for-stm32.10.3-2021.10.win32_1.0.0.202111181127/tools/bin/../lib/gcc/arm-none-eabi/10.3.1/../../../../arm-none-eabi/lib/thumb/v7e-m+fp/hard\libc_nano.a(lib_a-impure.o)
                0x000000002000010c                _impure_ptr
 .data.impure_data
                0x0000000020000110       0x60 c:/st/stm32cubeide_1.9.0/stm32cubeide/plugins/com.st.stm32cube.ide.mcu.externaltools.gnu-tools-for-stm32.10.3-2021.10.win32_1.0.0.202111181127/tools/bin/../lib/gcc/arm-none-eabi/10.3.1/../../../../arm-none-eabi/lib/thumb/v7e-m+fp/hard\libc_nano.a(lib_a-impure.o)
 *(.RamFunc)
 *(.RamFunc*)
                0x0000000020000170                . = ALIGN (0x4)
                0x0000000020000170                _edata = .
                0x000000000800cc00                _siccmram = LOADADDR (.ccmram)

.igot.plt       0x0000000020000170        0x0 load address 0x000000000800cc00
 .igot.plt      0x0000000020000170        0x0 c:/st/stm32cubeide_1.9.0/stm32cubeide/plugins/com.st.stm32cube.ide.mcu.externaltools.gnu-tools-for-stm32.10.3-2021.10.win32_1.0.0.202111181127/tools/bin/../lib/gcc/arm-none-eabi/10.3.1/thumb/v7e-m+fp/hard/crtbegin.o

.ccmram         0x0000000010000000        0x0 load address 0x000000000800cc00
                0x0000000010000000                . = ALIGN (0x4)
                0x0000000010000000                _sccmram = .
 *(.ccmram)
 *(.ccmram*)
                0x0000000010000000                . = ALIGN (0x4)