../Core/Src/LoRa.c:16:6:newLoRa	72	static
../Core/Src/LoRa.c:36:6:LoRa_reset	16	static
../Core/Src/LoRa.c:51:6:LoRa_gotoMode	24	static
../Core/Src/LoRa.c:93:6:LoRa_setModulation	24	static
../Core/Src/LoRa.c:131:6:LoRa_readReg	24	static
../Core/Src/LoRa.c:154:6:LoRa_writeReg	24	static
../Core/Src/LoRa.c:173:6:LoRa_setFrequency	24	static
../Core/Src/LoRa.c:202:6:LoRa_setSpreadingFactor	24	static
../Core/Src/LoRa.c:227:6:LoRa_setPower	16	static
../Core/Src/LoRa.c:240:6:LoRa_setOCP	24	static
../Core/Src/LoRa.c:265:6:LoRa_setCRCon	24	static
../Core/Src/LoRa.c:286:6:LoRa_setTOMsb_setCRCon	24	static
../Core/Src/LoRa.c:308:9:LoRa_read	32	static
../Core/Src/LoRa.c:328:6:LoRa_write	32	static
../Core/Src/LoRa.c:347:6:LoRa_BurstWrite	32	static
../Core/Src/LoRa.c:372:9:LoRa_isvalid	16	static
../Core/Src/LoRa.c:385:6:LoRa_setBitrate	24	static
../Core/Src/LoRa.c:401:6:LoRa_setSyncWord	32	static
../Core/Src/LoRa.c:420:9:LoRa_transmit	32	static
../Core/Src/LoRa.c:455:6:LoRa_startReceiving	16	static
../Core/Src/LoRa.c:467:6:LoRa_setFSKMode	24	static
../Core/Src/LoRa.c:485:9:LoRa_receive	48	static
../Core/Src/LoRa.c:515:5:LoRa_getRSSI	24	static
../Core/Src/LoRa.c:528:10:LoRa_init	24	static
../Core/Src/LoRa.c:625:9:LoRa_received_bytes	16	static
