../Core/Src/LoRa.c:16:6:newLoRa	72	static
../Core/Src/LoRa.c:36:6:LoRa_reset	16	static
../Core/Src/LoRa.c:51:6:LoRa_gotoMode	24	static
../Core/Src/LoRa.c:93:6:LoRa_setModulation	24	static
../Core/Src/LoRa.c:134:6:LoRa_readReg	24	static
../Core/Src/LoRa.c:157:6:LoRa_writeReg	24	static
../Core/Src/LoRa.c:176:6:LoRa_setFrequency	24	static
../Core/Src/LoRa.c:205:6:LoRa_setSpreadingFactor	24	static
../Core/Src/LoRa.c:230:6:LoRa_setPower	16	static
../Core/Src/LoRa.c:243:6:LoRa_setOCP	24	static
../Core/Src/LoRa.c:268:6:LoRa_setCRCon	24	static
../Core/Src/LoRa.c:289:6:LoRa_setTOMsb_setCRCon	24	static
../Core/Src/LoRa.c:311:9:LoRa_read	32	static
../Core/Src/LoRa.c:331:6:LoRa_write	32	static
../Core/Src/LoRa.c:350:6:LoRa_BurstWrite	32	static
../Core/Src/LoRa.c:375:9:LoRa_isvalid	16	static
../Core/Src/LoRa.c:388:6:LoRa_setBitrate	24	static
../Core/Src/LoRa.c:404:6:LoRa_setSyncWord	32	static
../Core/Src/LoRa.c:423:9:LoRa_transmit	32	static
../Core/Src/LoRa.c:458:6:LoRa_startReceiving	16	static
../Core/Src/LoRa.c:470:6:LoRa_setFSKMode	24	static
../Core/Src/LoRa.c:488:9:LoRa_receive	48	static
../Core/Src/LoRa.c:518:5:LoRa_getRSSI	24	static
../Core/Src/LoRa.c:531:10:LoRa_init	24	static
../Core/Src/LoRa.c:628:9:LoRa_received_bytes	16	static
