../Core/Src/main.c:89:5:main	336	static
../Core/Src/main.c:228:6:SystemClock_Config	88	static
../Core/Src/main.c:274:13:MX_SPI1_Init	8	static
../Core/Src/main.c:312:13:MX_USART1_UART_Init	8	static
../Core/Src/main.c:345:13:MX_USART2_UART_Init	8	static
../Core/Src/main.c:378:13:MX_GPIO_Init	48	static
../Core/Src/main.c:443:6:HAL_GPIO_EXTI_Callback	16	static
../Core/Src/main.c:449:6:HAL_UART_RxCpltCallback	16	static
../Core/Src/main.c:455:6:Blocking_LED_Blink	16	static
../Core/Src/main.c:470:6:Error_Handler	4	static,ignoring_inline_asm
