../Core/Src/main.c:112:5:main	584	static
../Core/Src/main.c:334:6:SystemClock_Config	88	static
../Core/Src/main.c:380:13:MX_SPI1_Init	8	static
../Core/Src/main.c:418:13:MX_TIM2_Init	32	static
../Core/Src/main.c:463:13:MX_USART1_UART_Init	8	static
../Core/Src/main.c:496:13:MX_USART2_UART_Init	8	static
../Core/Src/main.c:527:13:MX_DMA_Init	16	static
../Core/Src/main.c:545:13:MX_GPIO_Init	48	static
../Core/Src/main.c:610:6:HAL_GPIO_EXTI_Callback	16	static
../Core/Src/main.c:616:6:HAL_UART_RxCpltCallback	16	static
../Core/Src/main.c:624:6:HAL_UART_RxHalfCpltCallback	16	static
../Core/Src/main.c:632:6:HAL_TIM_PeriodElapsedCallback	16	static
../Core/Src/main.c:641:6:Blocking_LED_Blink	16	static
../Core/Src/main.c:656:6:Error_Handler	4	static,ignoring_inline_asm
