../Core/Src/main.c:112:5:main	592	static
../Core/Src/main.c:354:6:SystemClock_Config	88	static
../Core/Src/main.c:400:13:MX_SPI1_Init	8	static
../Core/Src/main.c:438:13:MX_TIM2_Init	32	static
../Core/Src/main.c:483:13:MX_USART1_UART_Init	8	static
../Core/Src/main.c:516:13:MX_USART2_UART_Init	8	static
../Core/Src/main.c:547:13:MX_DMA_Init	16	static
../Core/Src/main.c:565:13:MX_GPIO_Init	48	static
../Core/Src/main.c:630:6:HAL_GPIO_EXTI_Callback	16	static
../Core/Src/main.c:636:6:HAL_UART_RxCpltCallback	16	static
../Core/Src/main.c:644:6:HAL_UART_RxHalfCpltCallback	16	static
../Core/Src/main.c:661:6:Blocking_LED_Blink	16	static
../Core/Src/main.c:676:6:Error_Handler	4	static,ignoring_inline_asm
